Archive member included to satisfy reference by file (symbol)

/usr/lib/gcc/arm-none-eabi/11.3.1/../../../arm-none-eabi/lib/thumb/v7e-m/nofp/libc_nano.a(lib_a-errno.o)
                              /home/kali/Documents/RIOT/examples/1ProjetIOT/bin/lora-e5-dev/newlib_syscalls_default/syscalls.o (__errno)
/usr/lib/gcc/arm-none-eabi/11.3.1/../../../arm-none-eabi/lib/thumb/v7e-m/nofp/libc_nano.a(lib_a-impure.o)
                              /usr/lib/gcc/arm-none-eabi/11.3.1/../../../arm-none-eabi/lib/thumb/v7e-m/nofp/libc_nano.a(lib_a-errno.o) (_impure_ptr)
/usr/lib/gcc/arm-none-eabi/11.3.1/../../../arm-none-eabi/lib/thumb/v7e-m/nofp/libc_nano.a(lib_a-init.o)
                              /home/kali/Documents/RIOT/examples/1ProjetIOT/bin/lora-e5-dev/cortexm_common/vectors_cortexm.o (__libc_init_array)
/usr/lib/gcc/arm-none-eabi/11.3.1/../../../arm-none-eabi/lib/thumb/v7e-m/nofp/libc_nano.a(lib_a-malloc.o)
                              /home/kali/Documents/RIOT/examples/1ProjetIOT/bin/lora-e5-dev/malloc_thread_safe/malloc_wrappers.o (malloc)
/usr/lib/gcc/arm-none-eabi/11.3.1/../../../arm-none-eabi/lib/thumb/v7e-m/nofp/libc_nano.a(lib_a-memcmp.o)
                              /home/kali/Documents/RIOT/examples/1ProjetIOT/bin/lora-e5-dev/core_lib/atomic_c11.o (memcmp)
/usr/lib/gcc/arm-none-eabi/11.3.1/../../../arm-none-eabi/lib/thumb/v7e-m/nofp/libc_nano.a(lib_a-memcpy.o)
                              /home/kali/Documents/RIOT/examples/1ProjetIOT/bin/lora-e5-dev/core_lib/atomic_c11.o (memcpy)
/usr/lib/gcc/arm-none-eabi/11.3.1/../../../arm-none-eabi/lib/thumb/v7e-m/nofp/libc_nano.a(lib_a-memset.o)
                              /home/kali/Documents/RIOT/examples/1ProjetIOT/bin/lora-e5-dev/cortexm_common/vectors_cortexm.o (memset)
/usr/lib/gcc/arm-none-eabi/11.3.1/../../../arm-none-eabi/lib/thumb/v7e-m/nofp/libc_nano.a(lib_a-mstats.o)
                              /home/kali/Documents/RIOT/examples/1ProjetIOT/bin/lora-e5-dev/newlib_syscalls_default/syscalls.o (mallinfo)
/usr/lib/gcc/arm-none-eabi/11.3.1/../../../arm-none-eabi/lib/thumb/v7e-m/nofp/libc_nano.a(lib_a-nano-freer.o)
                              /usr/lib/gcc/arm-none-eabi/11.3.1/../../../arm-none-eabi/lib/thumb/v7e-m/nofp/libc_nano.a(lib_a-malloc.o) (_free_r)
/usr/lib/gcc/arm-none-eabi/11.3.1/../../../arm-none-eabi/lib/thumb/v7e-m/nofp/libc_nano.a(lib_a-nano-mallinfor.o)
                              /usr/lib/gcc/arm-none-eabi/11.3.1/../../../arm-none-eabi/lib/thumb/v7e-m/nofp/libc_nano.a(lib_a-mstats.o) (_mallinfo_r)
/usr/lib/gcc/arm-none-eabi/11.3.1/../../../arm-none-eabi/lib/thumb/v7e-m/nofp/libc_nano.a(lib_a-nano-mallocr.o)
                              /usr/lib/gcc/arm-none-eabi/11.3.1/../../../arm-none-eabi/lib/thumb/v7e-m/nofp/libc_nano.a(lib_a-malloc.o) (_malloc_r)
/usr/lib/gcc/arm-none-eabi/11.3.1/../../../arm-none-eabi/lib/thumb/v7e-m/nofp/libc_nano.a(lib_a-nano-malloptr.o)
                              /usr/lib/gcc/arm-none-eabi/11.3.1/../../../arm-none-eabi/lib/thumb/v7e-m/nofp/libc_nano.a(lib_a-mstats.o) (_mallopt_r)
/usr/lib/gcc/arm-none-eabi/11.3.1/../../../arm-none-eabi/lib/thumb/v7e-m/nofp/libc_nano.a(lib_a-nano-mallstatsr.o)
                              /usr/lib/gcc/arm-none-eabi/11.3.1/../../../arm-none-eabi/lib/thumb/v7e-m/nofp/libc_nano.a(lib_a-mstats.o) (_malloc_stats_r)
/usr/lib/gcc/arm-none-eabi/11.3.1/../../../arm-none-eabi/lib/thumb/v7e-m/nofp/libc_nano.a(lib_a-printf.o)
                              /home/kali/Documents/RIOT/examples/1ProjetIOT/bin/lora-e5-dev/core_lib/assert.o (printf)
/usr/lib/gcc/arm-none-eabi/11.3.1/../../../arm-none-eabi/lib/thumb/v7e-m/nofp/libc_nano.a(lib_a-puts.o)
                              /home/kali/Documents/RIOT/examples/1ProjetIOT/bin/lora-e5-dev/application_blinky/main.o (puts)
/usr/lib/gcc/arm-none-eabi/11.3.1/../../../arm-none-eabi/lib/thumb/v7e-m/nofp/libc_nano.a(lib_a-realloc.o)
                              /home/kali/Documents/RIOT/examples/1ProjetIOT/bin/lora-e5-dev/malloc_thread_safe/malloc_wrappers.o (realloc)
/usr/lib/gcc/arm-none-eabi/11.3.1/../../../arm-none-eabi/lib/thumb/v7e-m/nofp/libc_nano.a(lib_a-wbuf.o)
                              /usr/lib/gcc/arm-none-eabi/11.3.1/../../../arm-none-eabi/lib/thumb/v7e-m/nofp/libc_nano.a(lib_a-puts.o) (__swbuf_r)
/usr/lib/gcc/arm-none-eabi/11.3.1/../../../arm-none-eabi/lib/thumb/v7e-m/nofp/libc_nano.a(lib_a-wsetup.o)
                              /usr/lib/gcc/arm-none-eabi/11.3.1/../../../arm-none-eabi/lib/thumb/v7e-m/nofp/libc_nano.a(lib_a-puts.o) (__swsetup_r)
/usr/lib/gcc/arm-none-eabi/11.3.1/../../../arm-none-eabi/lib/thumb/v7e-m/nofp/libc_nano.a(lib_a-fflush.o)
                              /usr/lib/gcc/arm-none-eabi/11.3.1/../../../arm-none-eabi/lib/thumb/v7e-m/nofp/libc_nano.a(lib_a-wbuf.o) (_fflush_r)
/usr/lib/gcc/arm-none-eabi/11.3.1/../../../arm-none-eabi/lib/thumb/v7e-m/nofp/libc_nano.a(lib_a-findfp.o)
[...]
Memory Configuration

Name             Origin             Length             Attributes
ccmram           0x0000000010000000 0x0000000000000000
sram4            0x0000000028000000 0x0000000000000000
rom              0x0000000008000000 0x0000000000040000 xr
ram              0x0000000020000000 0x0000000000010000 w !xr
bkup_ram         0x0000000000000000 0x0000000000000000 w !xr
*default*        0x0000000000000000 0xffffffffffffffff

Linker script and memory map

LOAD /home/kali/Documents/RIOT/examples/1ProjetIOT/bin/lora-e5-dev/application_blinky/main.o
LOAD /home/kali/Documents/RIOT/examples/1ProjetIOT/bin/lora-e5-dev/auto_init/auto_init.o
LOAD /home/kali/Documents/RIOT/examples/1ProjetIOT/bin/lora-e5-dev/board/board.o
LOAD /home/kali/Documents/RIOT/examples/1ProjetIOT/bin/lora-e5-dev/board_common_init/board_common.o
LOAD /home/kali/Documents/RIOT/examples/1ProjetIOT/bin/lora-e5-dev/core/cond.o
LOAD /home/kali/Documents/RIOT/examples/1ProjetIOT/bin/lora-e5-dev/core_lib/assert.o
LOAD /home/kali/Documents/RIOT/examples/1ProjetIOT/bin/lora-e5-dev/core_lib/atomic_c11.o
LOAD /home/kali/Documents/RIOT/examples/1ProjetIOT/bin/lora-e5-dev/core_lib/atomic_sync.o
LOAD /home/kali/Documents/RIOT/examples/1ProjetIOT/bin/lora-e5-dev/core_lib/bitarithm.o
LOAD /home/kali/Documents/RIOT/examples/1ProjetIOT/bin/lora-e5-dev/core_lib/clist.o
LOAD /home/kali/Documents/RIOT/examples/1ProjetIOT/bin/lora-e5-dev/core_lib/init.o
LOAD /home/kali/Documents/RIOT/examples/1ProjetIOT/bin/lora-e5-dev/core_lib/panic.o
LOAD /home/kali/Documents/RIOT/examples/1ProjetIOT/bin/lora-e5-dev/core_lib/priority_queue.o
LOAD /home/kali/Documents/RIOT/examples/1ProjetIOT/bin/lora-e5-dev/core_lib/ringbuffer.o
LOAD /home/kali/Documents/RIOT/examples/1ProjetIOT/bin/lora-e5-dev/core_lib/rmutex.o
LOAD /home/kali/Documents/RIOT/examples/1ProjetIOT/bin/lora-e5-dev/core/msg.o
LOAD /home/kali/Documents/RIOT/examples/1ProjetIOT/bin/lora-e5-dev/core/mutex.o
LOAD /home/kali/Documents/RIOT/examples/1ProjetIOT/bin/lora-e5-dev/core/sched.o
LOAD /home/kali/Documents/RIOT/examples/1ProjetIOT/bin/lora-e5-dev/core/thread.o
LOAD /home/kali/Documents/RIOT/examples/1ProjetIOT/bin/lora-e5-dev/cortexm_common/cortexm_init.o
LOAD /home/kali/Documents/RIOT/examples/1ProjetIOT/bin/lora-e5-dev/cortexm_common/mpu.o
LOAD /home/kali/Documents/RIOT/examples/1ProjetIOT/bin/lora-e5-dev/cortexm_common/panic.o
LOAD /home/kali/Documents/RIOT/examples/1ProjetIOT/bin/lora-e5-dev/cortexm_common_periph/pm.o
LOAD /home/kali/Documents/RIOT/examples/1ProjetIOT/bin/lora-e5-dev/cortexm_common/thread_arch.o
LOAD /home/kali/Documents/RIOT/examples/1ProjetIOT/bin/lora-e5-dev/cortexm_common/vectors_cortexm.o
LOAD /home/kali/Documents/RIOT/examples/1ProjetIOT/bin/lora-e5-dev/cpu/cpu_common.o
LOAD /home/kali/Documents/RIOT/examples/1ProjetIOT/bin/lora-e5-dev/cpu/cpu_init.o
LOAD /home/kali/Documents/RIOT/examples/1ProjetIOT/bin/lora-e5-dev/div/div.o
LOAD /home/kali/Documents/RIOT/examples/1ProjetIOT/bin/lora-e5-dev/libc/string.o
LOAD /home/kali/Documents/RIOT/examples/1ProjetIOT/bin/lora-e5-dev/malloc_thread_safe/malloc_wrappers.o
LOAD /home/kali/Documents/RIOT/examples/1ProjetIOT/bin/lora-e5-dev/newlib_syscalls_default/syscalls.o
LOAD /home/kali/Documents/RIOT/examples/1ProjetIOT/bin/lora-e5-dev/periph_common/gpio.o
LOAD /home/kali/Documents/RIOT/examples/1ProjetIOT/bin/lora-e5-dev/periph_common/init_leds.o
LOAD /home/kali/Documents/RIOT/examples/1ProjetIOT/bin/lora-e5-dev/periph_common/init.o
LOAD /home/kali/Documents/RIOT/examples/1ProjetIOT/bin/lora-e5-dev/periph_common/pm.o
LOAD /home/kali/Documents/RIOT/examples/1ProjetIOT/bin/lora-e5-dev/periph/gpio_all.o
LOAD /home/kali/Documents/RIOT/examples/1ProjetIOT/bin/lora-e5-dev/periph/pm.o
LOAD /home/kali/Documents/RIOT/examples/1ProjetIOT/bin/lora-e5-dev/periph/uart.o
LOAD /home/kali/Documents/RIOT/examples/1ProjetIOT/bin/lora-e5-dev/pm_layered/pm.o
LOAD /home/kali/Documents/RIOT/examples/1ProjetIOT/bin/lora-e5-dev/stdio_uart/stdio_uart.o
LOAD /home/kali/Documents/RIOT/examples/1ProjetIOT/bin/lora-e5-dev/stm32_clk/stmclk_common.o
LOAD /home/kali/Documents/RIOT/examples/1ProjetIOT/bin/lora-e5-dev/stm32_clk/stmclk_l4wx.o
LOAD /home/kali/Documents/RIOT/examples/1ProjetIOT/bin/lora-e5-dev/stm32_vectors/STM32WLE5xx.o
LOAD /usr/lib/gcc/arm-none-eabi/11.3.1/../../../arm-none-eabi/lib/thumb/v7e-m/nofp/libm.a
LOAD /usr/lib/gcc/arm-none-eabi/11.3.1/thumb/v7e-m/nofp/libgcc.a
                0x0000000008000000                _rom_start_addr = 0x8000000
                0x0000000020000000                _ram_start_addr = 0x20000000
                0x0000000000040000                _rom_length = 0x40000
                0x0000000000010000                _ram_length = 0x10000
LOAD /usr/lib/gcc/arm-none-eabi/11.3.1/../../../arm-none-eabi/lib/thumb/v7e-m/nofp/libc_nano.a
START GROUP
LOAD /usr/lib/gcc/arm-none-eabi/11.3.1/thumb/v7e-m/nofp/libgcc.a
LOAD /usr/lib/gcc/arm-none-eabi/11.3.1/../../../arm-none-eabi/lib/thumb/v7e-m/nofp/libg_nano.a
LOAD /usr/lib/gcc/arm-none-eabi/11.3.1/../../../arm-none-eabi/lib/thumb/v7e-m/nofp/libc_nano.a
END GROUP
START GROUP
LOAD /usr/lib/gcc/arm-none-eabi/11.3.1/thumb/v7e-m/nofp/libgcc.a
LOAD /usr/lib/gcc/arm-none-eabi/11.3.1/../../../arm-none-eabi/lib/thumb/v7e-m/nofp/libc_nano.a
END GROUP
                0x0000000000000000                ccmram_length = DEFINED (ccmram_len)?ccmram_len:0x0
                0x0000000000000000                sram4_length = DEFINED (sram4_length)?sram4_length:0x0

.heap2          0x0000000000000000        0x0
                0x0000000000000000                _sheap2 = .
                0x0000000028000000                _eheap2 = (ORIGIN (sram4) + LENGTH (sram4))
                0x0000000000000000                _rom_offset = DEFINED (_rom_offset)?_rom_offset:0x0
                0x0000000000040000                _fw_rom_length = DEFINED (_fw_rom_length)?_fw_rom_length:(_rom_length - _rom_offset)
                0x0000000000000001                ASSERT ((_fw_rom_length <= (_rom_length - _rom_offset)), Specified firmware size does not fit in ROM)
                0x0000000000000000                _backup_ram_start_addr = DEFINED (_backup_ram_start_addr)?_backup_ram_start_addr:0x0
                0x0000000000000000                _backup_ram_len = DEFINED (_backup_ram_len)?_backup_ram_len:0x0

.text           0x0000000008000000     0x2bbc
                0x0000000008000000                . = ALIGN (0x4)
                0x0000000008000000                _sfixed = .
                0x0000000008000000                _isr_vectors = DEFINED (_isr_vectors)?_isr_vectors:.
 *(SORT_BY_NAME(.vectors*))
 .vectors.0     0x0000000008000000       0x40 /home/kali/Documents/RIOT/examples/1ProjetIOT/bin/lora-e5-dev/cortexm_common/vectors_cortexm.o
                0x0000000008000000                cortex_vector_base
 .vectors.1     0x0000000008000040       0xf8 /home/kali/Documents/RIOT/examples/1ProjetIOT/bin/lora-e5-dev/stm32_vectors/STM32WLE5xx.o
                0x0000000008000040                vector_cpu
 *(.text .text.* .gnu.linkonce.t.*)
 .text.startup.main
                0x0000000008000138       0x40 /home/kali/Documents/RIOT/examples/1ProjetIOT/bin/lora-e5-dev/application_blinky/main.o
                0x0000000008000138                main
 .text.auto_init
                0x0000000008000178       0x24 /home/kali/Documents/RIOT/examples/1ProjetIOT/bin/lora-e5-dev/auto_init/auto_init.o
                0x0000000008000178                auto_init
 .text.board_init
                0x000000000800019c       0x2c /home/kali/Documents/RIOT/examples/1ProjetIOT/bin/lora-e5-dev/board/board.o
                0x000000000800019c                board_init
 .text._assert_panic
                0x00000000080001c8       0x1c /home/kali/Documents/RIOT/examples/1ProjetIOT/bin/lora-e5-dev/core_lib/assert.o
                0x00000000080001c8                _assert_panic
 .text.main_trampoline
                0x00000000080001e4       0x18 /home/kali/Documents/RIOT/examples/1ProjetIOT/bin/lora-e5-dev/core_lib/init.o
 .text.kernel_init
                0x00000000080001fc       0x34 /home/kali/Documents/RIOT/examples/1ProjetIOT/bin/lora-e5-dev/core_lib/init.o
                0x00000000080001fc                kernel_init
 .text.panic_app
                0x0000000008000230        0x2 /home/kali/Documents/RIOT/examples/1ProjetIOT/bin/lora-e5-dev/core_lib/panic.o
                0x0000000008000230                panic_app
 *fill*         0x0000000008000232        0x2 
 .text.core_panic
                0x0000000008000234       0x3c /home/kali/Documents/RIOT/examples/1ProjetIOT/bin/lora-e5-dev/core_lib/panic.o
                0x0000000008000234                core_panic
 .text._unschedule
                0x0000000008000270       0x30 /home/kali/Documents/RIOT/examples/1ProjetIOT/bin/lora-e5-dev/core/sched.o
 .text.sched_run
                0x00000000080002a0       0x6c /home/kali/Documents/RIOT/examples/1ProjetIOT/bin/lora-e5-dev/core/sched.o
                0x00000000080002a0                sched_run
 .text.sched_set_status
                0x000000000800030c       0x80 /home/kali/Documents/RIOT/examples/1ProjetIOT/bin/lora-e5-dev/core/sched.o
                0x000000000800030c                sched_set_status
 .text.sched_switch
                0x000000000800038c       0x3c /home/kali/Documents/RIOT/examples/1ProjetIOT/bin/lora-e5-dev/core/sched.o
                0x000000000800038c                sched_switch
 .text.sched_task_exit
                0x00000000080003c8       0x3c /home/kali/Documents/RIOT/examples/1ProjetIOT/bin/lora-e5-dev/core/sched.o
                0x00000000080003c8                sched_task_exit
 .text.thread_getname
                0x0000000008000404       0x1c /home/kali/Documents/RIOT/examples/1ProjetIOT/bin/lora-e5-dev/core/thread.o
                0x0000000008000404                thread_getname
 .text.thread_create
                0x0000000008000420       0xe8 /home/kali/Documents/RIOT/examples/1ProjetIOT/bin/lora-e5-dev/core/thread.o
                0x0000000008000420                thread_create
 .text.cortexm_init
                0x0000000008000508       0x40 /home/kali/Documents/RIOT/examples/1ProjetIOT/bin/lora-e5-dev/cortexm_common/cortexm_init.o
                0x0000000008000508                cortexm_init
 .text.panic_arch
                0x0000000008000548       0x1c /home/kali/Documents/RIOT/examples/1ProjetIOT/bin/lora-e5-dev/cortexm_common/panic.o
                0x0000000008000548                panic_arch
 .text.thread_stack_init
                0x0000000008000564       0x68 /home/kali/Documents/RIOT/examples/1ProjetIOT/bin/lora-e5-dev/cortexm_common/thread_arch.o
                0x0000000008000564                thread_stack_init
 .text.cpu_switch_context_exit
                0x00000000080005cc       0x18 /home/kali/Documents/RIOT/examples/1ProjetIOT/bin/lora-e5-dev/cortexm_common/thread_arch.o
                0x00000000080005cc                cpu_switch_context_exit
 .text.isr_pendsv
                0x00000000080005e4       0x38 /home/kali/Documents/RIOT/examples/1ProjetIOT/bin/lora-e5-dev/cortexm_common/thread_arch.o
                0x00000000080005e4                isr_pendsv
 .text.isr_svc  0x000000000800061c       0x10 /home/kali/Documents/RIOT/examples/1ProjetIOT/bin/lora-e5-dev/cortexm_common/thread_arch.o
                0x000000000800061c                isr_svc
 .text.sched_arch_idle
                0x000000000800062c       0x10 /home/kali/Documents/RIOT/examples/1ProjetIOT/bin/lora-e5-dev/cortexm_common/thread_arch.o
                0x000000000800062c                sched_arch_idle
 .text.hard_fault_default
                0x000000000800063c       0x44 /home/kali/Documents/RIOT/examples/1ProjetIOT/bin/lora-e5-dev/cortexm_common/vectors_cortexm.o
                0x000000000800063c                hard_fault_default
 .text.nmi_handler
                0x0000000008000680       0x10 /home/kali/Documents/RIOT/examples/1ProjetIOT/bin/lora-e5-dev/cortexm_common/vectors_cortexm.o
                0x0000000008000680                nmi_handler
 .text.mem_manage_default
                0x0000000008000690       0x10 /home/kali/Documents/RIOT/examples/1ProjetIOT/bin/lora-e5-dev/cortexm_common/vectors_cortexm.o
                0x0000000008000690                mem_manage_default
 .text.bus_fault_default
                0x00000000080006a0       0x10 /home/kali/Documents/RIOT/examples/1ProjetIOT/bin/lora-e5-dev/cortexm_common/vectors_cortexm.o
                0x00000000080006a0                bus_fault_default
 .text.usage_fault_default
                0x00000000080006b0       0x10 /home/kali/Documents/RIOT/examples/1ProjetIOT/bin/lora-e5-dev/cortexm_common/vectors_cortexm.o
                0x00000000080006b0                usage_fault_default
 .text.debug_mon_default
                0x00000000080006c0       0x10 /home/kali/Documents/RIOT/examples/1ProjetIOT/bin/lora-e5-dev/cortexm_common/vectors_cortexm.o
                0x00000000080006c0                debug_mon_default
 .text.dummy_handler_default
                0x00000000080006d0       0x10 /home/kali/Documents/RIOT/examples/1ProjetIOT/bin/lora-e5-dev/cortexm_common/vectors_cortexm.o
                0x00000000080006d0                dummy_handler_default
                0x00000000080006d0                isr_systick
 .text.pre_startup
                0x00000000080006e0        0x2 /home/kali/Documents/RIOT/examples/1ProjetIOT/bin/lora-e5-dev/cortexm_common/vectors_cortexm.o
                0x00000000080006e0                pre_startup
 .text.post_startup
                0x00000000080006e2        0x2 /home/kali/Documents/RIOT/examples/1ProjetIOT/bin/lora-e5-dev/cortexm_common/vectors_cortexm.o
                0x00000000080006e2                post_startup
 .text.reset_handler_default
                0x00000000080006e4       0x80 /home/kali/Documents/RIOT/examples/1ProjetIOT/bin/lora-e5-dev/cortexm_common/vectors_cortexm.o
                0x00000000080006e4                reset_handler_default
 .text.hard_fault_handler
                0x0000000008000764      0x1b8 /home/kali/Documents/RIOT/examples/1ProjetIOT/bin/lora-e5-dev/cortexm_common/vectors_cortexm.o
                0x0000000008000764                hard_fault_handler
 .text.periph_apb_clk
                0x000000000800091c       0x18 /home/kali/Documents/RIOT/examples/1ProjetIOT/bin/lora-e5-dev/cpu/cpu_common.o
                0x000000000800091c                periph_apb_clk
 .text.periph_clk_en
                0x0000000008000934       0x68 /home/kali/Documents/RIOT/examples/1ProjetIOT/bin/lora-e5-dev/cpu/cpu_common.o
                0x0000000008000934                periph_clk_en
 .text.cpu_init
                0x000000000800099c       0x16 /home/kali/Documents/RIOT/examples/1ProjetIOT/bin/lora-e5-dev/cpu/cpu_init.o
                0x000000000800099c                cpu_init
 .text._init    0x00000000080009b2        0x2 /home/kali/Documents/RIOT/examples/1ProjetIOT/bin/lora-e5-dev/newlib_syscalls_default/syscalls.o
                0x00000000080009b2                _init
 .text._fini    0x00000000080009b4        0x2 /home/kali/Documents/RIOT/examples/1ProjetIOT/bin/lora-e5-dev/newlib_syscalls_default/syscalls.o
                0x00000000080009b4                _fini
 *fill*         0x00000000080009b6        0x2 
 .text._sbrk_r  0x00000000080009b8       0x40 /home/kali/Documents/RIOT/examples/1ProjetIOT/bin/lora-e5-dev/newlib_syscalls_default/syscalls.o
                0x00000000080009b8                _sbrk_r
 .text._read_r  0x00000000080009f8        0x8 /home/kali/Documents/RIOT/examples/1ProjetIOT/bin/lora-e5-dev/newlib_syscalls_default/syscalls.o
                0x00000000080009f8                _read_r
 .text._write_r
                0x0000000008000a00        0x8 /home/kali/Documents/RIOT/examples/1ProjetIOT/bin/lora-e5-dev/newlib_syscalls_default/syscalls.o
                0x0000000008000a00                _write_r
 .text._close_r
                0x0000000008000a08        0xa /home/kali/Documents/RIOT/examples/1ProjetIOT/bin/lora-e5-dev/newlib_syscalls_default/syscalls.o
                0x0000000008000a08                _close_r
 .text._lseek_r
                0x0000000008000a12        0xa /home/kali/Documents/RIOT/examples/1ProjetIOT/bin/lora-e5-dev/newlib_syscalls_default/syscalls.o
                0x0000000008000a12                _lseek_r
 .text._fstat_r
                0x0000000008000a1c        0xa /home/kali/Documents/RIOT/examples/1ProjetIOT/bin/lora-e5-dev/newlib_syscalls_default/syscalls.o
                0x0000000008000a1c                _fstat_r
 .text._isatty_r
                0x0000000008000a26       0x10 /home/kali/Documents/RIOT/examples/1ProjetIOT/bin/lora-e5-dev/newlib_syscalls_default/syscalls.o
                0x0000000008000a26                _isatty_r
 *fill*         0x0000000008000a36        0x2 
 .text.led_init
                0x0000000008000a38       0x1c /home/kali/Documents/RIOT/examples/1ProjetIOT/bin/lora-e5-dev/periph_common/init_leds.o
                0x0000000008000a38                led_init
 .text.periph_init
                0x0000000008000a54        0x4 /home/kali/Documents/RIOT/examples/1ProjetIOT/bin/lora-e5-dev/periph_common/init.o
                0x0000000008000a54                periph_init
 .text.gpio_init
                0x0000000008000a58       0x68 /home/kali/Documents/RIOT/examples/1ProjetIOT/bin/lora-e5-dev/periph/gpio_all.o
                0x0000000008000a58                gpio_init
 .text.gpio_init_af
                0x0000000008000ac0       0x56 /home/kali/Documents/RIOT/examples/1ProjetIOT/bin/lora-e5-dev/periph/gpio_all.o
                0x0000000008000ac0                gpio_init_af
 .text.gpio_set
                0x0000000008000b16       0x10 /home/kali/Documents/RIOT/examples/1ProjetIOT/bin/lora-e5-dev/periph/gpio_all.o
                0x0000000008000b16                gpio_set
 *fill*         0x0000000008000b26        0x2 
 .text.pm_set   0x0000000008000b28       0x74 /home/kali/Documents/RIOT/examples/1ProjetIOT/bin/lora-e5-dev/periph/pm.o
                0x0000000008000b28                pm_set
 .text.irq_handler
                0x0000000008000b9c       0x54 /home/kali/Documents/RIOT/examples/1ProjetIOT/bin/lora-e5-dev/periph/uart.o
 .text.uart_enable_clock
                0x0000000008000bf0       0x30 /home/kali/Documents/RIOT/examples/1ProjetIOT/bin/lora-e5-dev/periph/uart.o
 .text.uart_init
                0x0000000008000c20       0xa0 /home/kali/Documents/RIOT/examples/1ProjetIOT/bin/lora-e5-dev/periph/uart.o
                0x0000000008000c20                uart_init
 .text.uart_write
                0x0000000008000cc0       0x38 /home/kali/Documents/RIOT/examples/1ProjetIOT/bin/lora-e5-dev/periph/uart.o
                0x0000000008000cc0                uart_write
 .text.isr_usart1
                0x0000000008000cf8        0x6 /home/kali/Documents/RIOT/examples/1ProjetIOT/bin/lora-e5-dev/periph/uart.o
                0x0000000008000cf8                isr_usart1
 .text.isr_usart2
                0x0000000008000cfe        0x6 /home/kali/Documents/RIOT/examples/1ProjetIOT/bin/lora-e5-dev/periph/uart.o
                0x0000000008000cfe                isr_usart2
 .text.isr_lpuart1
                0x0000000008000d04        0x6 /home/kali/Documents/RIOT/examples/1ProjetIOT/bin/lora-e5-dev/periph/uart.o
                0x0000000008000d04                isr_lpuart1
 *fill*         0x0000000008000d0a        0x2 
 .text.pm_set_lowest
                0x0000000008000d0c       0x2c /home/kali/Documents/RIOT/examples/1ProjetIOT/bin/lora-e5-dev/pm_layered/pm.o
                0x0000000008000d0c                pm_set_lowest
 .text.pm_block
                0x0000000008000d38       0x24 /home/kali/Documents/RIOT/examples/1ProjetIOT/bin/lora-e5-dev/pm_layered/pm.o
                0x0000000008000d38                pm_block
 .text.pm_off   0x0000000008000d5c       0x10 /home/kali/Documents/RIOT/examples/1ProjetIOT/bin/lora-e5-dev/pm_layered/pm.o
                0x0000000008000d5c                pm_off
 .text.stdio_init
                0x0000000008000d6c        0xe /home/kali/Documents/RIOT/examples/1ProjetIOT/bin/lora-e5-dev/stdio_uart/stdio_uart.o
                0x0000000008000d6c                stdio_init
 .text.stdio_read
                0x0000000008000d7a        0x6 /home/kali/Documents/RIOT/examples/1ProjetIOT/bin/lora-e5-dev/stdio_uart/stdio_uart.o
                0x0000000008000d7a                stdio_read
 .text.stdio_write
                0x0000000008000d80       0x12 /home/kali/Documents/RIOT/examples/1ProjetIOT/bin/lora-e5-dev/stdio_uart/stdio_uart.o
                0x0000000008000d80                stdio_write
 .text.stmclk_enable_hsi
                0x0000000008000d92       0x14 /home/kali/Documents/RIOT/examples/1ProjetIOT/bin/lora-e5-dev/stm32_clk/stmclk_common.o
                0x0000000008000d92                stmclk_enable_hsi
 .text.stmclk_disable_hsi
                0x0000000008000da6        0xe /home/kali/Documents/RIOT/examples/1ProjetIOT/bin/lora-e5-dev/stm32_clk/stmclk_common.o
                0x0000000008000da6                stmclk_disable_hsi
 .text.stmclk_init_sysclk
                0x0000000008000db4       0x9c /home/kali/Documents/RIOT/examples/1ProjetIOT/bin/lora-e5-dev/stm32_clk/stmclk_l4wx.o
                0x0000000008000db4                stmclk_init_sysclk
 .text.dummy_handler
                0x0000000008000e50        0x4 /home/kali/Documents/RIOT/examples/1ProjetIOT/bin/lora-e5-dev/stm32_vectors/STM32WLE5xx.o
                0x0000000008000e50                isr_lptim2
                0x0000000008000e50                isr_rtc_wkup
                0x0000000008000e50                isr_hsem
                0x0000000008000e50                isr_dac
                0x0000000008000e50                isr_tim16
                0x0000000008000e50                isr_exti
                0x0000000008000e50                isr_dma1_channel4
                0x0000000008000e50                isr_dma2_channel7
                0x0000000008000e50                isr_i2c1_ev
                0x0000000008000e50                isr_subghz_radio
                0x0000000008000e50                isr_tim1_brk
                0x0000000008000e50                isr_dma1_channel5
                0x0000000008000e50                isr_dma1_channel2
                0x0000000008000e50                isr_pka
                0x0000000008000e50                isr_dma2_channel6
                0x0000000008000e50                isr_dma1_channel7
                0x0000000008000e50                isr_i2c3_ev
                0x0000000008000e50                isr_tim1_up
                0x0000000008000e50                isr_tim2
                0x0000000008000e50                isr_dma2_channel4
                0x0000000008000e50                isr_spi2
                0x0000000008000e50                isr_tim1_trg_com
                0x0000000008000e50                isr_dma1_channel1
                0x0000000008000e50                dummy_handler
                0x0000000008000e50                isr_adc
                0x0000000008000e50                isr_aes
                0x0000000008000e50                isr_comp
                0x0000000008000e50                isr_spi1
                0x0000000008000e50                isr_lptim1
                0x0000000008000e50                isr_rcc
                0x0000000008000e50                isr_tamp_stamp_lsecss_ssru
                0x0000000008000e50                isr_flash
                0x0000000008000e50                isr_dma2_channel5
                0x0000000008000e50                isr_i2c3_er
                0x0000000008000e50                isr_tim1_cc
                0x0000000008000e50                isr_lptim3
                0x0000000008000e50                isr_subghzspi
                0x0000000008000e50                isr_dma2_channel1
                0x0000000008000e50                isr_tim17
                0x0000000008000e50                isr_i2c2_er
                0x0000000008000e50                isr_dma1_channel6
                0x0000000008000e50                isr_pvd_pvm
                0x0000000008000e50                isr_rng
                0x0000000008000e50                isr_dmamux1_ovr
                0x0000000008000e50                isr_i2c2_ev
                0x0000000008000e50                isr_dma2_channel2
                0x0000000008000e50                isr_dma2_channel3
                0x0000000008000e50                isr_rtc_alarm
                0x0000000008000e50                isr_dma1_channel3
                0x0000000008000e50                isr_i2c1_er
                0x0000000008000e50                isr_wwdg
 .text          0x0000000008000e54       0x48 /usr/lib/gcc/arm-none-eabi/11.3.1/../../../arm-none-eabi/lib/thumb/v7e-m/nofp/libc_nano.a(lib_a-init.o)
                0x0000000008000e54                __libc_init_array
 .text          0x0000000008000e9c      0x134 /usr/lib/gcc/arm-none-eabi/11.3.1/../../../arm-none-eabi/lib/thumb/v7e-m/nofp/libc_nano.a(lib_a-memcpy.o)
                0x0000000008000e9c                memcpy
 .text          0x0000000008000fd0       0xa4 /usr/lib/gcc/arm-none-eabi/11.3.1/../../../arm-none-eabi/lib/thumb/v7e-m/nofp/libc_nano.a(lib_a-memset.o)
                0x0000000008000fd0                memset
 .text          0x0000000008001074       0xbc /usr/lib/gcc/arm-none-eabi/11.3.1/../../../arm-none-eabi/lib/thumb/v7e-m/nofp/libc_nano.a(lib_a-nano-freer.o)
                0x0000000008001074                _free_r
 .text          0x0000000008001130       0xb4 /usr/lib/gcc/arm-none-eabi/11.3.1/../../../arm-none-eabi/lib/thumb/v7e-m/nofp/libc_nano.a(lib_a-nano-mallocr.o)
                0x0000000008001130                _malloc_r
 .text          0x00000000080011e4       0x60 /usr/lib/gcc/arm-none-eabi/11.3.1/../../../arm-none-eabi/lib/thumb/v7e-m/nofp/libc_nano.a(lib_a-printf.o)
                0x00000000080011e4                _printf_r
                0x00000000080011e4                _iprintf_r
                0x0000000008001210                printf
                0x0000000008001210                iprintf
 .text          0x0000000008001244       0xe4 /usr/lib/gcc/arm-none-eabi/11.3.1/../../../arm-none-eabi/lib/thumb/v7e-m/nofp/libc_nano.a(lib_a-puts.o)
                0x0000000008001244                _puts_r
                0x0000000008001318                puts
 .text          0x0000000008001328       0xc8 /usr/lib/gcc/arm-none-eabi/11.3.1/../../../arm-none-eabi/lib/thumb/v7e-m/nofp/libc_nano.a(lib_a-wbuf.o)
                0x0000000008001328                __swbuf_r
                0x00000000080013d8                __swbuf
 .text          0x00000000080013f0      0x104 /usr/lib/gcc/arm-none-eabi/11.3.1/../../../arm-none-eabi/lib/thumb/v7e-m/nofp/libc_nano.a(lib_a-wsetup.o)
                0x00000000080013f0                __swsetup_r
 .text          0x00000000080014f4      0x1d8 /usr/lib/gcc/arm-none-eabi/11.3.1/../../../arm-none-eabi/lib/thumb/v7e-m/nofp/libc_nano.a(lib_a-fflush.o)
                0x00000000080014f4                __sflush_r
                0x00000000080015f8                _fflush_r
                0x000000000800164c                fflush
 .text          0x00000000080016cc      0x238 /usr/lib/gcc/arm-none-eabi/11.3.1/../../../arm-none-eabi/lib/thumb/v7e-m/nofp/libc_nano.a(lib_a-findfp.o)
                0x00000000080016d0                _cleanup_r
                0x00000000080016e0                __sfmoreglue
                0x0000000008001710                __sfp
                0x00000000080018b0                _cleanup
                0x00000000080018c4                __sinit
                0x00000000080018cc                __sfp_lock_acquire
                0x00000000080018d0                __sfp_lock_release
                0x00000000080018d4                __sinit_lock_acquire
                0x00000000080018d8                __sinit_lock_release
                0x00000000080018dc                __fp_lock_all
                0x00000000080018f0                __fp_unlock_all
 .text          0x0000000008001904       0x88 /usr/lib/gcc/arm-none-eabi/11.3.1/../../../arm-none-eabi/lib/thumb/v7e-m/nofp/libc_nano.a(lib_a-fwalk.o)
                0x0000000008001904                _fwalk
                0x0000000008001944                _fwalk_reent
 .text          0x000000000800198c      0x11c /usr/lib/gcc/arm-none-eabi/11.3.1/../../../arm-none-eabi/lib/thumb/v7e-m/nofp/libc_nano.a(lib_a-makebuf.o)
                0x000000000800198c                __smakebuf_r
                0x0000000008001a4c                __swhatbuf_r
 .text          0x0000000008001aa8        0x8 /usr/lib/gcc/arm-none-eabi/11.3.1/../../../arm-none-eabi/lib/thumb/v7e-m/nofp/libc_nano.a(lib_a-mlock.o)
                0x0000000008001aa8                __malloc_lock
                0x0000000008001aac                __malloc_unlock
 .text          0x0000000008001ab0       0x50 /usr/lib/gcc/arm-none-eabi/11.3.1/../../../arm-none-eabi/lib/thumb/v7e-m/nofp/libc_nano.a(lib_a-nano-reallocr.o)
                0x0000000008001ab0                _realloc_r
 .text          0x0000000008001b00      0x310 /usr/lib/gcc/arm-none-eabi/11.3.1/../../../arm-none-eabi/lib/thumb/v7e-m/nofp/libc_nano.a(lib_a-nano-vfprintf.o)
                0x0000000008001b28                __sfputs_r
                0x0000000008001b58                __sprint_r
                0x0000000008001b74                _vfiprintf_r
                0x0000000008001b74                _vfprintf_r
                0x0000000008001df8                vfiprintf
                0x0000000008001df8                vfprintf
 .text          0x0000000008001e10      0x3dc /usr/lib/gcc/arm-none-eabi/11.3.1/../../../arm-none-eabi/lib/thumb/v7e-m/nofp/libc_nano.a(lib_a-nano-vfprintf_i.o)
                0x0000000008001e10                _printf_common
                0x0000000008001f3c                _printf_i
 .text          0x00000000080021ec       0x90 /usr/lib/gcc/arm-none-eabi/11.3.1/../../../arm-none-eabi/lib/thumb/v7e-m/nofp/libc_nano.a(lib_a-stdio.o)
                0x00000000080021ec                __sread
                0x0000000008002210                __seofread
                0x0000000008002214                __swrite
                0x0000000008002254                __sseek
                0x0000000008002274                __sclose
 .text          0x000000000800227c      0x2e8 /usr/lib/gcc/arm-none-eabi/11.3.1/../../../arm-none-eabi/lib/thumb/v7e-m/nofp/libc_nano.a(lib_a-fvwrite.o)
                0x000000000800227c                __sfvwrite_r
 *fill*         0x0000000008002564        0xc 
 .text          0x0000000008002570       0xa0 /usr/lib/gcc/arm-none-eabi/11.3.1/../../../arm-none-eabi/lib/thumb/v7e-m/nofp/libc_nano.a(lib_a-memchr.o)
                0x0000000008002570                memchr
 .text          0x0000000008002610       0xf8 /usr/lib/gcc/arm-none-eabi/11.3.1/../../../arm-none-eabi/lib/thumb/v7e-m/nofp/libc_nano.a(lib_a-memmove.o)
                0x0000000008002610                memmove
 .text          0x0000000008002708       0x14 /usr/lib/gcc/arm-none-eabi/11.3.1/../../../arm-none-eabi/lib/thumb/v7e-m/nofp/libc_nano.a(lib_a-nano-msizer.o)
                0x0000000008002708                _malloc_usable_size_r
 *(.glue_7t)
 .glue_7t       0x000000000800271c        0x0 linker stubs
 *(.glue_7)
 .glue_7        0x000000000800271c        0x0 linker stubs
 *(.rodata .rodata* .gnu.linkonce.r.*)
 .rodata.main.str1.1
                0x000000000800271c       0x3e /home/kali/Documents/RIOT/examples/1ProjetIOT/bin/lora-e5-dev/application_blinky/main.o
 .rodata._assert_failure.str1.1
                0x000000000800275a       0x1c /home/kali/Documents/RIOT/examples/1ProjetIOT/bin/lora-e5-dev/core_lib/assert.o
 .rodata._assert_panic.str1.1
                0x0000000008002776        0x4 /home/kali/Documents/RIOT/examples/1ProjetIOT/bin/lora-e5-dev/core_lib/assert.o
 .rodata.main_trampoline.str1.1
                0x000000000800277a       0x3b /home/kali/Documents/RIOT/examples/1ProjetIOT/bin/lora-e5-dev/core_lib/init.o
 .rodata.kernel_init.str1.1
                0x00000000080027b5        0x5 /home/kali/Documents/RIOT/examples/1ProjetIOT/bin/lora-e5-dev/core_lib/init.o
 .rodata.core_panic.str1.1
                0x00000000080027ba       0x29 /home/kali/Documents/RIOT/examples/1ProjetIOT/bin/lora-e5-dev/core_lib/panic.o
 .rodata._unschedule.str1.1
                0x00000000080027e3       0x3e /home/kali/Documents/RIOT/examples/1ProjetIOT/bin/lora-e5-dev/core/sched.o
 .rodata.panic_arch.str1.1
                0x0000000008002821        0xf /home/kali/Documents/RIOT/examples/1ProjetIOT/bin/lora-e5-dev/cortexm_common/panic.o
 .rodata.nmi_handler.str1.1
                0x0000000008002830        0xc /home/kali/Documents/RIOT/examples/1ProjetIOT/bin/lora-e5-dev/cortexm_common/vectors_cortexm.o
 .rodata.mem_manage_default.str1.1
                0x000000000800283c       0x13 /home/kali/Documents/RIOT/examples/1ProjetIOT/bin/lora-e5-dev/cortexm_common/vectors_cortexm.o
 .rodata.bus_fault_default.str1.1
                0x000000000800284f       0x12 /home/kali/Documents/RIOT/examples/1ProjetIOT/bin/lora-e5-dev/cortexm_common/vectors_cortexm.o
 .rodata.usage_fault_default.str1.1
                0x0000000008002861       0x14 /home/kali/Documents/RIOT/examples/1ProjetIOT/bin/lora-e5-dev/cortexm_common/vectors_cortexm.o
 .rodata.debug_mon_default.str1.1
                0x0000000008002875       0x12 /home/kali/Documents/RIOT/examples/1ProjetIOT/bin/lora-e5-dev/cortexm_common/vectors_cortexm.o
 .rodata.dummy_handler_default.str1.1
                0x0000000008002887        0xe /home/kali/Documents/RIOT/examples/1ProjetIOT/bin/lora-e5-dev/cortexm_common/vectors_cortexm.o
 .rodata.hard_fault_handler.str1.1
                0x0000000008002895      0x233 /home/kali/Documents/RIOT/examples/1ProjetIOT/bin/lora-e5-dev/cortexm_common/vectors_cortexm.o
 .rodata.uart_config
                0x0000000008002ac8       0x54 /home/kali/Documents/RIOT/examples/1ProjetIOT/bin/lora-e5-dev/periph/uart.o
 .rodata        0x0000000008002b1c        0x4 /usr/lib/gcc/arm-none-eabi/11.3.1/../../../arm-none-eabi/lib/thumb/v7e-m/nofp/libc_nano.a(lib_a-impure.o)
                0x0000000008002b1c                _global_impure_ptr
 .rodata        0x0000000008002b20       0x60 /usr/lib/gcc/arm-none-eabi/11.3.1/../../../arm-none-eabi/lib/thumb/v7e-m/nofp/libc_nano.a(lib_a-findfp.o)
                0x0000000008002b20                __sf_fake_stderr
                0x0000000008002b40                __sf_fake_stdout
                0x0000000008002b60                __sf_fake_stdin
 .rodata.str1.4
                0x0000000008002b80       0x13 /usr/lib/gcc/arm-none-eabi/11.3.1/../../../arm-none-eabi/lib/thumb/v7e-m/nofp/libc_nano.a(lib_a-nano-vfprintf.o)
 *fill*         0x0000000008002b93        0x1 
 .rodata.str1.4
                0x0000000008002b94       0x25 /usr/lib/gcc/arm-none-eabi/11.3.1/../../../arm-none-eabi/lib/thumb/v7e-m/nofp/libc_nano.a(lib_a-nano-vfprintf_i.o)
 *(SORT_BY_NAME(.roxfa.*))
 *fill*         0x0000000008002bb9        0x3 
 .roxfa.auto_init_xfa.0_
                0x0000000008002bbc        0x0 /home/kali/Documents/RIOT/examples/1ProjetIOT/bin/lora-e5-dev/auto_init/auto_init.o
                0x0000000008002bbc                auto_init_xfa
 .roxfa.auto_init_xfa.9_
                0x0000000008002bbc        0x0 /home/kali/Documents/RIOT/examples/1ProjetIOT/bin/lora-e5-dev/auto_init/auto_init.o
                0x0000000008002bbc                auto_init_xfa_end
 *(.ARM.extab* .gnu.linkonce.armextab.*)
                0x0000000008002bbc                . = ALIGN (0x4)
 *(.init)
                0x0000000008002bbc                . = ALIGN (0x4)
                0x0000000008002bbc                __preinit_array_start = .
 *(.preinit_array)
                0x0000000008002bbc                __preinit_array_end = .
                0x0000000008002bbc                . = ALIGN (0x4)
                0x0000000008002bbc                __init_array_start = .
 *(SORT_BY_NAME(.init_array.*))
 *(.init_array)
                0x0000000008002bbc                __init_array_end = .
                0x0000000008002bbc                . = ALIGN (0x4)
 *crtbegin.o(.ctors)
 *(EXCLUDE_FILE(*crtend.o) .ctors)
 *(SORT_BY_NAME(.ctors.*))
 *crtend.o(.ctors)
                0x0000000008002bbc                . = ALIGN (0x4)
 *(.fini)
                0x0000000008002bbc                . = ALIGN (0x4)
                0x0000000008002bbc                __fini_array_start = .
 *(.fini_array)
 *(SORT_BY_NAME(.fini_array.*))
                0x0000000008002bbc                __fini_array_end = .
 *crtbegin.o(.dtors)
 *(EXCLUDE_FILE(*crtend.o) .dtors)
 *(SORT_BY_NAME(.dtors.*))
 *crtend.o(.dtors)
                0x0000000008002bbc                . = ALIGN (0x4)
                0x0000000008002bbc                _efixed = .

.vfp11_veneer   0x0000000008002bbc        0x0
 .vfp11_veneer  0x0000000008002bbc        0x0 linker stubs

.v4_bx          0x0000000008002bbc        0x0
 .v4_bx         0x0000000008002bbc        0x0 linker stubs

.iplt           0x0000000008002bbc        0x0
 .iplt          0x0000000008002bbc        0x0 /home/kali/Documents/RIOT/examples/1ProjetIOT/bin/lora-e5-dev/application_blinky/main.o

.igot.plt       0x0000000008002bbc        0x0
 .igot.plt      0x0000000008002bbc        0x0 /home/kali/Documents/RIOT/examples/1ProjetIOT/bin/lora-e5-dev/application_blinky/main.o

.rel.dyn        0x0000000008002bbc        0x0
 .rel.iplt      0x0000000008002bbc        0x0 /home/kali/Documents/RIOT/examples/1ProjetIOT/bin/lora-e5-dev/application_blinky/main.o

.tdata          0x0000000008002bbc        0x0
                0x0000000008002bbc                __tdata_start = .
 *(.tdata .tdata.* .gnu.linkonce.td.*)
                0x0000000008002bbc                __tdata_end = .
                0x0000000008002bbc                __tdata_source = LOADADDR (.tdata)
                0x0000000000000000                __tdata_size = SIZEOF (.tdata)

.tbss           0x0000000008002bbc        0x0
 *(.tbss .tbss.* .gnu.linkonce.tb.*)
 *(.tcommon)
                0x0000000008002bbc                __tbss_end = .
                0x0000000000000000                __tls_size = (__tbss_end - __tdata_start)
                0x0000000000000000                __tbss_size = (__tls_size - __tdata_size)
                [!provide]                        PROVIDE (__exidx_start = .)

.ARM.exidx
 *(.ARM.exidx* .gnu.linkonce.armexidx.*)
                [!provide]                        PROVIDE (__exidx_end = .)
                0x0000000008002bbc                . = ALIGN (0x4)

.eh_frame
 *(.eh_frame)
                0x0000000008002bbc                . = ALIGN (0x4)
                0x0000000008002bbc                _etext = .

.stack          0x0000000020000000      0x200
 *(.puf)
                0x0000000020000000                . = ALIGN (0x8)
                0x0000000020000000                _sstack = .
 *(.isr_stack)
 .isr_stack     0x0000000020000000      0x200 /home/kali/Documents/RIOT/examples/1ProjetIOT/bin/lora-e5-dev/cortexm_common/vectors_cortexm.o
                0x0000000020000000                isr_stack
                0x0000000020000200                . = ALIGN (0x8)
                0x0000000020000200                _estack = .

.relocate       0x0000000020000200       0x70 load address 0x0000000008002bbc
                0x0000000020000200                . = ALIGN (0x4)
                0x0000000020000200                _srelocate = .
 *(.ramfunc .ramfunc.*)
 *(.data .data.*)
 .data.heap_top
                0x0000000020000200        0x4 /home/kali/Documents/RIOT/examples/1ProjetIOT/bin/lora-e5-dev/newlib_syscalls_default/syscalls.o
 .data.pm_blocker
                0x0000000020000204        0x4 /home/kali/Documents/RIOT/examples/1ProjetIOT/bin/lora-e5-dev/pm_layered/pm.o
 .data          0x0000000020000208       0x64 /usr/lib/gcc/arm-none-eabi/11.3.1/../../../arm-none-eabi/lib/thumb/v7e-m/nofp/libc_nano.a(lib_a-impure.o)
                0x0000000020000208                _impure_ptr
 *(SORT_BY_NAME(.xfa.*))
 *(.openocd .openocd.*)
 .openocd       0x000000002000026c        0x2 /home/kali/Documents/RIOT/examples/1ProjetIOT/bin/lora-e5-dev/core/sched.o
                0x000000002000026c                _tcb_name_offset
                0x000000002000026d                max_threads
                0x0000000020000270                . = ALIGN (0x4)
 *fill*         0x000000002000026e        0x2 
                0x0000000020000270                _erelocate = .

.bss            0x0000000020000270      0x708 load address 0x0000000008002c2c
                0x0000000020000270                . = ALIGN (0x4)
                0x0000000020000270                _sbss = .
                0x0000000020000270                _szero = .
 *(.bss .bss.*)
 .bss.main_stack
                0x0000000020000270      0x600 /home/kali/Documents/RIOT/examples/1ProjetIOT/bin/lora-e5-dev/core_lib/init.o
 .bss.crashed   0x0000000020000870        0x4 /home/kali/Documents/RIOT/examples/1ProjetIOT/bin/lora-e5-dev/core_lib/panic.o
 .bss.runqueue_bitcache
                0x0000000020000874        0x4 /home/kali/Documents/RIOT/examples/1ProjetIOT/bin/lora-e5-dev/core/sched.o
 .bss.sched_active_pid
                0x0000000020000878        0x2 /home/kali/Documents/RIOT/examples/1ProjetIOT/bin/lora-e5-dev/core/sched.o
                0x0000000020000878                sched_active_pid
 *fill*         0x000000002000087a        0x2 
 .bss.sched_active_thread
                0x000000002000087c        0x4 /home/kali/Documents/RIOT/examples/1ProjetIOT/bin/lora-e5-dev/core/sched.o
                0x000000002000087c                sched_active_thread
 .bss.sched_context_switch_request
                0x0000000020000880        0x4 /home/kali/Documents/RIOT/examples/1ProjetIOT/bin/lora-e5-dev/core/sched.o
                0x0000000020000880                sched_context_switch_request
 .bss.sched_num_threads
                0x0000000020000884        0x4 /home/kali/Documents/RIOT/examples/1ProjetIOT/bin/lora-e5-dev/core/sched.o
                0x0000000020000884                sched_num_threads
 .bss.sched_runqueues
                0x0000000020000888       0x40 /home/kali/Documents/RIOT/examples/1ProjetIOT/bin/lora-e5-dev/core/sched.o
                0x0000000020000888                sched_runqueues
 .bss.sched_threads
                0x00000000200008c8       0x84 /home/kali/Documents/RIOT/examples/1ProjetIOT/bin/lora-e5-dev/core/sched.o
                0x00000000200008c8                sched_threads
 .bss.isr_ctx   0x000000002000094c       0x24 /home/kali/Documents/RIOT/examples/1ProjetIOT/bin/lora-e5-dev/periph/uart.o
 .bss           0x0000000020000970        0x8 /usr/lib/gcc/arm-none-eabi/11.3.1/../../../arm-none-eabi/lib/thumb/v7e-m/nofp/libc_nano.a(lib_a-nano-mallocr.o)
                0x0000000020000970                __malloc_free_list
                0x0000000020000974                __malloc_sbrk_start
 *(COMMON)
                0x0000000020000978                . = ALIGN (0x4)
                0x0000000020000978                _ebss = .
                0x0000000020000978                _ezero = .

.noinit         0x0000000020000978        0x0 load address 0x0000000008002c2c
                0x0000000020000978                __noinit_start = .
 *(.noinit)
                0x0000000020000978                . = ALIGN (0x4)
                0x0000000020000978                __noinit_end = .
                0x0000000020000978                . = ALIGN (0x4)
                0x0000000020000978                _sheap = .
                0x0000000020010000                _eheap = (ORIGIN (ram) + LENGTH (ram))
                0x0000000020000000                _sram = ORIGIN (ram)
                0x0000000020010000                _eram = (ORIGIN (ram) + LENGTH (ram))
                0x0000000008000000                _srom = ORIGIN (rom)
                0x0000000008040000                _erom = (ORIGIN (rom) + LENGTH (rom))
                0x0000000008002c2c                _sbackup_data_load = LOADADDR (.backup.data)

.backup.data    0x0000000000000000        0x0 load address 0x0000000008002c2c
                0x0000000000000000                _sbackup_data = .
 *(.backup.data)
                0x0000000000000000                _ebackup_data = .
                0x0000000000000000                . = ALIGN (0x4)

.backup.bss     0x0000000000000000        0x0 load address 0x0000000008002c2c
                0x0000000000000000                _sbackup_bss = .
 *(.backup.bss)
                0x0000000000000000                _ebackup_bss = .
                0x0000000000000000                . = ALIGN (0x4)

.heap3          0x0000000000000000        0x0 load address 0x0000000008002c2c
                0x0000000000000000                _sheap1 = .
                0x0000000000000000                _eheap1 = (ORIGIN (bkup_ram) + LENGTH (bkup_ram))

.flash_writable
 *(SORT_BY_NAME(.flash_writable.*))

.end_fw         0x0000000008002c2c        0x0
                0x0000000008002c2c                _end_fw = .
OUTPUT(/home/kali/Documents/RIOT/examples/1ProjetIOT/bin/lora-e5-dev/blinky.elf elf32-littlearm)
LOAD linker stubs

.debug_info     0x0000000000000000    0x1e072
 .debug_info    0x0000000000000000      0xb74 /home/kali/Documents/RIOT/examples/1ProjetIOT/bin/lora-e5-dev/application_blinky/main.o
 .debug_info    0x0000000000000b74      0x18e /home/kali/Documents/RIOT/examples/1ProjetIOT/bin/lora-e5-dev/auto_init/auto_init.o
 .debug_info    0x0000000000000d02      0xabb /home/kali/Documents/RIOT/examples/1ProjetIOT/bin/lora-e5-dev/board/board.o
 .debug_info    0x00000000000017bd      0x2f4 /home/kali/Documents/RIOT/examples/1ProjetIOT/bin/lora-e5-dev/core_lib/assert.o
 .debug_info    0x0000000000001ab1      0x3f1 /home/kali/Documents/RIOT/examples/1ProjetIOT/bin/lora-e5-dev/core_lib/init.o
 .debug_info    0x0000000000001ea2      0x3e1 /home/kali/Documents/RIOT/examples/1ProjetIOT/bin/lora-e5-dev/core_lib/panic.o
 .debug_info    0x0000000000002283      0xfc3 /home/kali/Documents/RIOT/examples/1ProjetIOT/bin/lora-e5-dev/core/sched.o
 .debug_info    0x0000000000003246     0x142e /home/kali/Documents/RIOT/examples/1ProjetIOT/bin/lora-e5-dev/core/thread.o
 .debug_info    0x0000000000004674      0x80d /home/kali/Documents/RIOT/examples/1ProjetIOT/bin/lora-e5-dev/cortexm_common/cortexm_init.o
 .debug_info    0x0000000000004e81      0x230 /home/kali/Documents/RIOT/examples/1ProjetIOT/bin/lora-e5-dev/cortexm_common/panic.o
 .debug_info    0x00000000000050b1      0x98b /home/kali/Documents/RIOT/examples/1ProjetIOT/bin/lora-e5-dev/cortexm_common/thread_arch.o
 .debug_info    0x0000000000005a3c     0x14fd /home/kali/Documents/RIOT/examples/1ProjetIOT/bin/lora-e5-dev/cortexm_common/vectors_cortexm.o
 .debug_info    0x0000000000006f39      0xd88 /home/kali/Documents/RIOT/examples/1ProjetIOT/bin/lora-e5-dev/cpu/cpu_common.o
 .debug_info    0x0000000000007cc1      0xa74 /home/kali/Documents/RIOT/examples/1ProjetIOT/bin/lora-e5-dev/cpu/cpu_init.o
 .debug_info    0x0000000000008735     0x1ca6 /home/kali/Documents/RIOT/examples/1ProjetIOT/bin/lora-e5-dev/newlib_syscalls_default/syscalls.o
 .debug_info    0x000000000000a3db      0xb06 /home/kali/Documents/RIOT/examples/1ProjetIOT/bin/lora-e5-dev/periph_common/init_leds.o
 .debug_info    0x000000000000aee1      0x1f0 /home/kali/Documents/RIOT/examples/1ProjetIOT/bin/lora-e5-dev/periph_common/init.o
 .debug_info    0x000000000000b0d1     0x12b1 /home/kali/Documents/RIOT/examples/1ProjetIOT/bin/lora-e5-dev/periph/gpio_all.o
 .debug_info    0x000000000000c382      0x6c7 /home/kali/Documents/RIOT/examples/1ProjetIOT/bin/lora-e5-dev/periph/pm.o
 .debug_info    0x000000000000ca49     0x1747 /home/kali/Documents/RIOT/examples/1ProjetIOT/bin/lora-e5-dev/periph/uart.o
 .debug_info    0x000000000000e190      0xe75 /home/kali/Documents/RIOT/examples/1ProjetIOT/bin/lora-e5-dev/pm_layered/pm.o
 .debug_info    0x000000000000f005      0xcb5 /home/kali/Documents/RIOT/examples/1ProjetIOT/bin/lora-e5-dev/stdio_uart/stdio_uart.o
 .debug_info    0x000000000000fcba      0xdfa /home/kali/Documents/RIOT/examples/1ProjetIOT/bin/lora-e5-dev/stm32_clk/stmclk_common.o
 .debug_info    0x0000000000010ab4      0xe65 /home/kali/Documents/RIOT/examples/1ProjetIOT/bin/lora-e5-dev/stm32_clk/stmclk_l4wx.o
 .debug_info    0x0000000000011919      0x27b /home/kali/Documents/RIOT/examples/1ProjetIOT/bin/lora-e5-dev/stm32_vectors/STM32WLE5xx.o
 .debug_info    0x0000000000011b94      0x863 /usr/lib/gcc/arm-none-eabi/11.3.1/../../../arm-none-eabi/lib/thumb/v7e-m/nofp/libc_nano.a(lib_a-impure.o)
 .debug_info    0x00000000000123f7      0x11a /usr/lib/gcc/arm-none-eabi/11.3.1/../../../arm-none-eabi/lib/thumb/v7e-m/nofp/libc_nano.a(lib_a-init.o)
 .debug_info    0x0000000000012511       0x26 /usr/lib/gcc/arm-none-eabi/11.3.1/../../../arm-none-eabi/lib/thumb/v7e-m/nofp/libc_nano.a(lib_a-memcpy.o)
 .debug_info    0x0000000000012537      0x137 /usr/lib/gcc/arm-none-eabi/11.3.1/../../../arm-none-eabi/lib/thumb/v7e-m/nofp/libc_nano.a(lib_a-memset.o)
 .debug_info    0x000000000001266e      0x92b /usr/lib/gcc/arm-none-eabi/11.3.1/../../../arm-none-eabi/lib/thumb/v7e-m/nofp/libc_nano.a(lib_a-nano-freer.o)
 .debug_info    0x0000000000012f99      0xa0c /usr/lib/gcc/arm-none-eabi/11.3.1/../../../arm-none-eabi/lib/thumb/v7e-m/nofp/libc_nano.a(lib_a-nano-mallocr.o)
 .debug_info    0x00000000000139a5      0x8fd /usr/lib/gcc/arm-none-eabi/11.3.1/../../../arm-none-eabi/lib/thumb/v7e-m/nofp/libc_nano.a(lib_a-printf.o)
 .debug_info    0x00000000000142a2      0xa41 /usr/lib/gcc/arm-none-eabi/11.3.1/../../../arm-none-eabi/lib/thumb/v7e-m/nofp/libc_nano.a(lib_a-puts.o)
 .debug_info    0x0000000000014ce3      0x998 /usr/lib/gcc/arm-none-eabi/11.3.1/../../../arm-none-eabi/lib/thumb/v7e-m/nofp/libc_nano.a(lib_a-wbuf.o)
 .debug_info    0x000000000001567b      0x902 /usr/lib/gcc/arm-none-eabi/11.3.1/../../../arm-none-eabi/lib/thumb/v7e-m/nofp/libc_nano.a(lib_a-wsetup.o)
 .debug_info    0x0000000000015f7d      0xb0a /usr/lib/gcc/arm-none-eabi/11.3.1/../../../arm-none-eabi/lib/thumb/v7e-m/nofp/libc_nano.a(lib_a-fflush.o)
 .debug_info    0x0000000000016a87      0xfae /usr/lib/gcc/arm-none-eabi/11.3.1/../../../arm-none-eabi/lib/thumb/v7e-m/nofp/libc_nano.a(lib_a-findfp.o)
 .debug_info    0x0000000000017a35      0x900 /usr/lib/gcc/arm-none-eabi/11.3.1/../../../arm-none-eabi/lib/thumb/v7e-m/nofp/libc_nano.a(lib_a-fwalk.o)
 .debug_info    0x0000000000018335      0xc8a /usr/lib/gcc/arm-none-eabi/11.3.1/../../../arm-none-eabi/lib/thumb/v7e-m/nofp/libc_nano.a(lib_a-makebuf.o)
 .debug_info    0x0000000000018fbf      0x7dc /usr/lib/gcc/arm-none-eabi/11.3.1/../../../arm-none-eabi/lib/thumb/v7e-m/nofp/libc_nano.a(lib_a-mlock.o)
 .debug_info    0x000000000001979b      0x911 /usr/lib/gcc/arm-none-eabi/11.3.1/../../../arm-none-eabi/lib/thumb/v7e-m/nofp/libc_nano.a(lib_a-nano-reallocr.o)
 .debug_info    0x000000000001a0ac     0x115f /usr/lib/gcc/arm-none-eabi/11.3.1/../../../arm-none-eabi/lib/thumb/v7e-m/nofp/libc_nano.a(lib_a-nano-vfprintf.o)
 .debug_info    0x000000000001b20b      0xe9e /usr/lib/gcc/arm-none-eabi/11.3.1/../../../arm-none-eabi/lib/thumb/v7e-m/nofp/libc_nano.a(lib_a-nano-vfprintf_i.o)
 .debug_info    0x000000000001c0a9      0xabc /usr/lib/gcc/arm-none-eabi/11.3.1/../../../arm-none-eabi/lib/thumb/v7e-m/nofp/libc_nano.a(lib_a-stdio.o)
 .debug_info    0x000000000001cb65      0xb55 /usr/lib/gcc/arm-none-eabi/11.3.1/../../../arm-none-eabi/lib/thumb/v7e-m/nofp/libc_nano.a(lib_a-fvwrite.o)
 .debug_info    0x000000000001d6ba       0x26 /usr/lib/gcc/arm-none-eabi/11.3.1/../../../arm-none-eabi/lib/thumb/v7e-m/nofp/libc_nano.a(lib_a-memchr.o)
 .debug_info    0x000000000001d6e0      0x152 /usr/lib/gcc/arm-none-eabi/11.3.1/../../../arm-none-eabi/lib/thumb/v7e-m/nofp/libc_nano.a(lib_a-memmove.o)
 .debug_info    0x000000000001d832      0x840 /usr/lib/gcc/arm-none-eabi/11.3.1/../../../arm-none-eabi/lib/thumb/v7e-m/nofp/libc_nano.a(lib_a-nano-msizer.o)

.debug_abbrev   0x0000000000000000     0x71ee
 .debug_abbrev  0x0000000000000000      0x28f /home/kali/Documents/RIOT/examples/1ProjetIOT/bin/lora-e5-dev/application_blinky/main.o
 .debug_abbrev  0x000000000000028f      0x11d /home/kali/Documents/RIOT/examples/1ProjetIOT/bin/lora-e5-dev/auto_init/auto_init.o
 .debug_abbrev  0x00000000000003ac      0x21a /home/kali/Documents/RIOT/examples/1ProjetIOT/bin/lora-e5-dev/board/board.o
 .debug_abbrev  0x00000000000005c6      0x1d3 /home/kali/Documents/RIOT/examples/1ProjetIOT/bin/lora-e5-dev/core_lib/assert.o
 .debug_abbrev  0x0000000000000799      0x27e /home/kali/Documents/RIOT/examples/1ProjetIOT/bin/lora-e5-dev/core_lib/init.o
 .debug_abbrev  0x0000000000000a17      0x26b /home/kali/Documents/RIOT/examples/1ProjetIOT/bin/lora-e5-dev/core_lib/panic.o
 .debug_abbrev  0x0000000000000c82      0x4de /home/kali/Documents/RIOT/examples/1ProjetIOT/bin/lora-e5-dev/core/sched.o
 .debug_abbrev  0x0000000000001160      0x4f1 /home/kali/Documents/RIOT/examples/1ProjetIOT/bin/lora-e5-dev/core/thread.o
 .debug_abbrev  0x0000000000001651      0x2d7 /home/kali/Documents/RIOT/examples/1ProjetIOT/bin/lora-e5-dev/cortexm_common/cortexm_init.o
 .debug_abbrev  0x0000000000001928      0x1bd /home/kali/Documents/RIOT/examples/1ProjetIOT/bin/lora-e5-dev/cortexm_common/panic.o
 .debug_abbrev  0x0000000000001ae5      0x464 /home/kali/Documents/RIOT/examples/1ProjetIOT/bin/lora-e5-dev/cortexm_common/thread_arch.o
 .debug_abbrev  0x0000000000001f49      0x452 /home/kali/Documents/RIOT/examples/1ProjetIOT/bin/lora-e5-dev/cortexm_common/vectors_cortexm.o
 .debug_abbrev  0x000000000000239b      0x2b8 /home/kali/Documents/RIOT/examples/1ProjetIOT/bin/lora-e5-dev/cpu/cpu_common.o
 .debug_abbrev  0x0000000000002653      0x227 /home/kali/Documents/RIOT/examples/1ProjetIOT/bin/lora-e5-dev/cpu/cpu_init.o
 .debug_abbrev  0x000000000000287a      0x4ab /home/kali/Documents/RIOT/examples/1ProjetIOT/bin/lora-e5-dev/newlib_syscalls_default/syscalls.o
 .debug_abbrev  0x0000000000002d25      0x1f7 /home/kali/Documents/RIOT/examples/1ProjetIOT/bin/lora-e5-dev/periph_common/init_leds.o
 .debug_abbrev  0x0000000000002f1c      0x171 /home/kali/Documents/RIOT/examples/1ProjetIOT/bin/lora-e5-dev/periph_common/init.o
 .debug_abbrev  0x000000000000308d      0x334 /home/kali/Documents/RIOT/examples/1ProjetIOT/bin/lora-e5-dev/periph/gpio_all.o
 .debug_abbrev  0x00000000000033c1      0x2c9 /home/kali/Documents/RIOT/examples/1ProjetIOT/bin/lora-e5-dev/periph/pm.o
 .debug_abbrev  0x000000000000368a      0x49f /home/kali/Documents/RIOT/examples/1ProjetIOT/bin/lora-e5-dev/periph/uart.o
 .debug_abbrev  0x0000000000003b29      0x33c /home/kali/Documents/RIOT/examples/1ProjetIOT/bin/lora-e5-dev/pm_layered/pm.o
 .debug_abbrev  0x0000000000003e65      0x2fc /home/kali/Documents/RIOT/examples/1ProjetIOT/bin/lora-e5-dev/stdio_uart/stdio_uart.o
 .debug_abbrev  0x0000000000004161      0x234 /home/kali/Documents/RIOT/examples/1ProjetIOT/bin/lora-e5-dev/stm32_clk/stmclk_common.o
 .debug_abbrev  0x0000000000004395      0x2ef /home/kali/Documents/RIOT/examples/1ProjetIOT/bin/lora-e5-dev/stm32_clk/stmclk_l4wx.o
 .debug_abbrev  0x0000000000004684       0xd4 /home/kali/Documents/RIOT/examples/1ProjetIOT/bin/lora-e5-dev/stm32_vectors/STM32WLE5xx.o
 .debug_abbrev  0x0000000000004758      0x151 /usr/lib/gcc/arm-none-eabi/11.3.1/../../../arm-none-eabi/lib/thumb/v7e-m/nofp/libc_nano.a(lib_a-impure.o)
 .debug_abbrev  0x00000000000048a9       0xcc /usr/lib/gcc/arm-none-eabi/11.3.1/../../../arm-none-eabi/lib/thumb/v7e-m/nofp/libc_nano.a(lib_a-init.o)
 .debug_abbrev  0x0000000000004975       0x14 /usr/lib/gcc/arm-none-eabi/11.3.1/../../../arm-none-eabi/lib/thumb/v7e-m/nofp/libc_nano.a(lib_a-memcpy.o)
 .debug_abbrev  0x0000000000004989       0xb4 /usr/lib/gcc/arm-none-eabi/11.3.1/../../../arm-none-eabi/lib/thumb/v7e-m/nofp/libc_nano.a(lib_a-memset.o)
 .debug_abbrev  0x0000000000004a3d      0x245 /usr/lib/gcc/arm-none-eabi/11.3.1/../../../arm-none-eabi/lib/thumb/v7e-m/nofp/libc_nano.a(lib_a-nano-freer.o)
 .debug_abbrev  0x0000000000004c82      0x290 /usr/lib/gcc/arm-none-eabi/11.3.1/../../../arm-none-eabi/lib/thumb/v7e-m/nofp/libc_nano.a(lib_a-nano-mallocr.o)
 .debug_abbrev  0x0000000000004f12      0x23e /usr/lib/gcc/arm-none-eabi/11.3.1/../../../arm-none-eabi/lib/thumb/v7e-m/nofp/libc_nano.a(lib_a-printf.o)
 .debug_abbrev  0x0000000000005150      0x28e /usr/lib/gcc/arm-none-eabi/11.3.1/../../../arm-none-eabi/lib/thumb/v7e-m/nofp/libc_nano.a(lib_a-puts.o)
 .debug_abbrev  0x00000000000053de      0x21f /usr/lib/gcc/arm-none-eabi/11.3.1/../../../arm-none-eabi/lib/thumb/v7e-m/nofp/libc_nano.a(lib_a-wbuf.o)
 .debug_abbrev  0x00000000000055fd      0x1d4 /usr/lib/gcc/arm-none-eabi/11.3.1/../../../arm-none-eabi/lib/thumb/v7e-m/nofp/libc_nano.a(lib_a-wsetup.o)
 .debug_abbrev  0x00000000000057d1      0x2da /usr/lib/gcc/arm-none-eabi/11.3.1/../../../arm-none-eabi/lib/thumb/v7e-m/nofp/libc_nano.a(lib_a-fflush.o)
 .debug_abbrev  0x0000000000005aab      0x3cd /usr/lib/gcc/arm-none-eabi/11.3.1/../../../arm-none-eabi/lib/thumb/v7e-m/nofp/libc_nano.a(lib_a-findfp.o)
 .debug_abbrev  0x0000000000005e78      0x197 /usr/lib/gcc/arm-none-eabi/11.3.1/../../../arm-none-eabi/lib/thumb/v7e-m/nofp/libc_nano.a(lib_a-fwalk.o)
 .debug_abbrev  0x000000000000600f      0x278 /usr/lib/gcc/arm-none-eabi/11.3.1/../../../arm-none-eabi/lib/thumb/v7e-m/nofp/libc_nano.a(lib_a-makebuf.o)
 .debug_abbrev  0x0000000000006287      0x189 /usr/lib/gcc/arm-none-eabi/11.3.1/../../../arm-none-eabi/lib/thumb/v7e-m/nofp/libc_nano.a(lib_a-mlock.o)
 .debug_abbrev  0x0000000000006410      0x1d6 /usr/lib/gcc/arm-none-eabi/11.3.1/../../../arm-none-eabi/lib/thumb/v7e-m/nofp/libc_nano.a(lib_a-nano-reallocr.o)
 .debug_abbrev  0x00000000000065e6      0x358 /usr/lib/gcc/arm-none-eabi/11.3.1/../../../arm-none-eabi/lib/thumb/v7e-m/nofp/libc_nano.a(lib_a-nano-vfprintf.o)
 .debug_abbrev  0x000000000000693e      0x25c /usr/lib/gcc/arm-none-eabi/11.3.1/../../../arm-none-eabi/lib/thumb/v7e-m/nofp/libc_nano.a(lib_a-nano-vfprintf_i.o)
 .debug_abbrev  0x0000000000006b9a      0x1fb /usr/lib/gcc/arm-none-eabi/11.3.1/../../../arm-none-eabi/lib/thumb/v7e-m/nofp/libc_nano.a(lib_a-stdio.o)
 .debug_abbrev  0x0000000000006d95      0x1f4 /usr/lib/gcc/arm-none-eabi/11.3.1/../../../arm-none-eabi/lib/thumb/v7e-m/nofp/libc_nano.a(lib_a-fvwrite.o)
 .debug_abbrev  0x0000000000006f89       0x14 /usr/lib/gcc/arm-none-eabi/11.3.1/../../../arm-none-eabi/lib/thumb/v7e-m/nofp/libc_nano.a(lib_a-memchr.o)
 .debug_abbrev  0x0000000000006f9d       0xc0 /usr/lib/gcc/arm-none-eabi/11.3.1/../../../arm-none-eabi/lib/thumb/v7e-m/nofp/libc_nano.a(lib_a-memmove.o)
 .debug_abbrev  0x000000000000705d      0x191 /usr/lib/gcc/arm-none-eabi/11.3.1/../../../arm-none-eabi/lib/thumb/v7e-m/nofp/libc_nano.a(lib_a-nano-msizer.o)

.debug_loclists
                0x0000000000000000     0x1b76
 .debug_loclists
                0x0000000000000000       0x22 /home/kali/Documents/RIOT/examples/1ProjetIOT/bin/lora-e5-dev/application_blinky/main.o
 .debug_loclists
                0x0000000000000022       0x36 /home/kali/Documents/RIOT/examples/1ProjetIOT/bin/lora-e5-dev/auto_init/auto_init.o
 .debug_loclists
                0x0000000000000058       0x22 /home/kali/Documents/RIOT/examples/1ProjetIOT/bin/lora-e5-dev/board/board.o
 .debug_loclists
                0x000000000000007a       0x69 /home/kali/Documents/RIOT/examples/1ProjetIOT/bin/lora-e5-dev/core_lib/assert.o
 .debug_loclists
                0x00000000000000e3       0x39 /home/kali/Documents/RIOT/examples/1ProjetIOT/bin/lora-e5-dev/core_lib/init.o
 .debug_loclists
                0x000000000000011c       0x4d /home/kali/Documents/RIOT/examples/1ProjetIOT/bin/lora-e5-dev/core_lib/panic.o
 .debug_loclists
                0x0000000000000169      0x318 /home/kali/Documents/RIOT/examples/1ProjetIOT/bin/lora-e5-dev/core/sched.o
 .debug_loclists
                0x0000000000000481      0x584 /home/kali/Documents/RIOT/examples/1ProjetIOT/bin/lora-e5-dev/core/thread.o
 .debug_loclists
                0x0000000000000a05       0xf6 /home/kali/Documents/RIOT/examples/1ProjetIOT/bin/lora-e5-dev/cortexm_common/cortexm_init.o
 .debug_loclists
                0x0000000000000afb       0x43 /home/kali/Documents/RIOT/examples/1ProjetIOT/bin/lora-e5-dev/cortexm_common/panic.o
 .debug_loclists
                0x0000000000000b3e      0x177 /home/kali/Documents/RIOT/examples/1ProjetIOT/bin/lora-e5-dev/cortexm_common/thread_arch.o
 .debug_loclists
                0x0000000000000cb5      0x24f /home/kali/Documents/RIOT/examples/1ProjetIOT/bin/lora-e5-dev/cortexm_common/vectors_cortexm.o
 .debug_loclists
                0x0000000000000f04       0x5b /home/kali/Documents/RIOT/examples/1ProjetIOT/bin/lora-e5-dev/cpu/cpu_common.o
 .debug_loclists
                0x0000000000000f5f       0x22 /home/kali/Documents/RIOT/examples/1ProjetIOT/bin/lora-e5-dev/cpu/cpu_init.o
 .debug_loclists
                0x0000000000000f81      0x2fd /home/kali/Documents/RIOT/examples/1ProjetIOT/bin/lora-e5-dev/newlib_syscalls_default/syscalls.o
 .debug_loclists
                0x000000000000127e       0x22 /home/kali/Documents/RIOT/examples/1ProjetIOT/bin/lora-e5-dev/periph_common/init_leds.o
 .debug_loclists
                0x00000000000012a0       0x22 /home/kali/Documents/RIOT/examples/1ProjetIOT/bin/lora-e5-dev/periph_common/init.o
 .debug_loclists
                0x00000000000012c2      0x2df /home/kali/Documents/RIOT/examples/1ProjetIOT/bin/lora-e5-dev/periph/gpio_all.o
 .debug_loclists
                0x00000000000015a1       0xc5 /home/kali/Documents/RIOT/examples/1ProjetIOT/bin/lora-e5-dev/periph/pm.o
 .debug_loclists
                0x0000000000001666      0x324 /home/kali/Documents/RIOT/examples/1ProjetIOT/bin/lora-e5-dev/periph/uart.o
 .debug_loclists
                0x000000000000198a      0x11b /home/kali/Documents/RIOT/examples/1ProjetIOT/bin/lora-e5-dev/pm_layered/pm.o
 .debug_loclists
                0x0000000000001aa5       0x8d /home/kali/Documents/RIOT/examples/1ProjetIOT/bin/lora-e5-dev/stdio_uart/stdio_uart.o
 .debug_loclists
                0x0000000000001b32       0x22 /home/kali/Documents/RIOT/examples/1ProjetIOT/bin/lora-e5-dev/stm32_clk/stmclk_common.o
 .debug_loclists
                0x0000000000001b54       0x22 /home/kali/Documents/RIOT/examples/1ProjetIOT/bin/lora-e5-dev/stm32_clk/stmclk_l4wx.o

.debug_aranges  0x0000000000000000      0x998
 .debug_aranges
                0x0000000000000000       0x28 /home/kali/Documents/RIOT/examples/1ProjetIOT/bin/lora-e5-dev/application_blinky/main.o
 .debug_aranges
                0x0000000000000028       0x20 /home/kali/Documents/RIOT/examples/1ProjetIOT/bin/lora-e5-dev/auto_init/auto_init.o
 .debug_aranges
                0x0000000000000048       0x28 /home/kali/Documents/RIOT/examples/1ProjetIOT/bin/lora-e5-dev/board/board.o
 .debug_aranges
                0x0000000000000070       0x30 /home/kali/Documents/RIOT/examples/1ProjetIOT/bin/lora-e5-dev/core_lib/assert.o
 .debug_aranges
                0x00000000000000a0       0x30 /home/kali/Documents/RIOT/examples/1ProjetIOT/bin/lora-e5-dev/core_lib/init.o
 .debug_aranges
                0x00000000000000d0       0x38 /home/kali/Documents/RIOT/examples/1ProjetIOT/bin/lora-e5-dev/core_lib/panic.o
 .debug_aranges
                0x0000000000000108       0x50 /home/kali/Documents/RIOT/examples/1ProjetIOT/bin/lora-e5-dev/core/sched.o
 .debug_aranges
                0x0000000000000158       0x78 /home/kali/Documents/RIOT/examples/1ProjetIOT/bin/lora-e5-dev/core/thread.o
 .debug_aranges
                0x00000000000001d0       0x30 /home/kali/Documents/RIOT/examples/1ProjetIOT/bin/lora-e5-dev/cortexm_common/cortexm_init.o
 .debug_aranges
                0x0000000000000200       0x28 /home/kali/Documents/RIOT/examples/1ProjetIOT/bin/lora-e5-dev/cortexm_common/panic.o
 .debug_aranges
                0x0000000000000228       0x68 /home/kali/Documents/RIOT/examples/1ProjetIOT/bin/lora-e5-dev/cortexm_common/thread_arch.o
 .debug_aranges
                0x0000000000000290       0x70 /home/kali/Documents/RIOT/examples/1ProjetIOT/bin/lora-e5-dev/cortexm_common/vectors_cortexm.o
 .debug_aranges
                0x0000000000000300       0x40 /home/kali/Documents/RIOT/examples/1ProjetIOT/bin/lora-e5-dev/cpu/cpu_common.o
 .debug_aranges
                0x0000000000000340       0x40 /home/kali/Documents/RIOT/examples/1ProjetIOT/bin/lora-e5-dev/cpu/cpu_init.o
 .debug_aranges
                0x0000000000000380       0xc0 /home/kali/Documents/RIOT/examples/1ProjetIOT/bin/lora-e5-dev/newlib_syscalls_default/syscalls.o
 .debug_aranges
                0x0000000000000440       0x28 /home/kali/Documents/RIOT/examples/1ProjetIOT/bin/lora-e5-dev/periph_common/init_leds.o
 .debug_aranges
                0x0000000000000468       0x28 /home/kali/Documents/RIOT/examples/1ProjetIOT/bin/lora-e5-dev/periph_common/init.o
 .debug_aranges
                0x0000000000000490       0x70 /home/kali/Documents/RIOT/examples/1ProjetIOT/bin/lora-e5-dev/periph/gpio_all.o
 .debug_aranges
                0x0000000000000500       0x38 /home/kali/Documents/RIOT/examples/1ProjetIOT/bin/lora-e5-dev/periph/pm.o
 .debug_aranges
                0x0000000000000538       0x68 /home/kali/Documents/RIOT/examples/1ProjetIOT/bin/lora-e5-dev/periph/uart.o
 .debug_aranges
                0x00000000000005a0       0x48 /home/kali/Documents/RIOT/examples/1ProjetIOT/bin/lora-e5-dev/pm_layered/pm.o
 .debug_aranges
                0x00000000000005e8       0x38 /home/kali/Documents/RIOT/examples/1ProjetIOT/bin/lora-e5-dev/stdio_uart/stdio_uart.o
 .debug_aranges
                0x0000000000000620       0x58 /home/kali/Documents/RIOT/examples/1ProjetIOT/bin/lora-e5-dev/stm32_clk/stmclk_common.o
 .debug_aranges
                0x0000000000000678       0x28 /home/kali/Documents/RIOT/examples/1ProjetIOT/bin/lora-e5-dev/stm32_clk/stmclk_l4wx.o
 .debug_aranges
                0x00000000000006a0       0x20 /home/kali/Documents/RIOT/examples/1ProjetIOT/bin/lora-e5-dev/stm32_vectors/STM32WLE5xx.o
 .debug_aranges
                0x00000000000006c0       0x18 /usr/lib/gcc/arm-none-eabi/11.3.1/../../../arm-none-eabi/lib/thumb/v7e-m/nofp/libc_nano.a(lib_a-impure.o)
 .debug_aranges
                0x00000000000006d8       0x20 /usr/lib/gcc/arm-none-eabi/11.3.1/../../../arm-none-eabi/lib/thumb/v7e-m/nofp/libc_nano.a(lib_a-init.o)
 .debug_aranges
                0x00000000000006f8       0x20 /usr/lib/gcc/arm-none-eabi/11.3.1/../../../arm-none-eabi/lib/thumb/v7e-m/nofp/libc_nano.a(lib_a-memcpy.o)
 .debug_aranges
                0x0000000000000718       0x20 /usr/lib/gcc/arm-none-eabi/11.3.1/../../../arm-none-eabi/lib/thumb/v7e-m/nofp/libc_nano.a(lib_a-memset.o)
 .debug_aranges
                0x0000000000000738       0x20 /usr/lib/gcc/arm-none-eabi/11.3.1/../../../arm-none-eabi/lib/thumb/v7e-m/nofp/libc_nano.a(lib_a-nano-freer.o)
 .debug_aranges
                0x0000000000000758       0x20 /usr/lib/gcc/arm-none-eabi/11.3.1/../../../arm-none-eabi/lib/thumb/v7e-m/nofp/libc_nano.a(lib_a-nano-mallocr.o)
 .debug_aranges
                0x0000000000000778       0x20 /usr/lib/gcc/arm-none-eabi/11.3.1/../../../arm-none-eabi/lib/thumb/v7e-m/nofp/libc_nano.a(lib_a-printf.o)
 .debug_aranges
                0x0000000000000798       0x20 /usr/lib/gcc/arm-none-eabi/11.3.1/../../../arm-none-eabi/lib/thumb/v7e-m/nofp/libc_nano.a(lib_a-puts.o)
 .debug_aranges
                0x00000000000007b8       0x20 /usr/lib/gcc/arm-none-eabi/11.3.1/../../../arm-none-eabi/lib/thumb/v7e-m/nofp/libc_nano.a(lib_a-wbuf.o)
 .debug_aranges
                0x00000000000007d8       0x20 /usr/lib/gcc/arm-none-eabi/11.3.1/../../../arm-none-eabi/lib/thumb/v7e-m/nofp/libc_nano.a(lib_a-wsetup.o)
 .debug_aranges
                0x00000000000007f8       0x20 /usr/lib/gcc/arm-none-eabi/11.3.1/../../../arm-none-eabi/lib/thumb/v7e-m/nofp/libc_nano.a(lib_a-fflush.o)
 .debug_aranges
                0x0000000000000818       0x20 /usr/lib/gcc/arm-none-eabi/11.3.1/../../../arm-none-eabi/lib/thumb/v7e-m/nofp/libc_nano.a(lib_a-findfp.o)
 .debug_aranges
                0x0000000000000838       0x20 /usr/lib/gcc/arm-none-eabi/11.3.1/../../../arm-none-eabi/lib/thumb/v7e-m/nofp/libc_nano.a(lib_a-fwalk.o)
 .debug_aranges
                0x0000000000000858       0x20 /usr/lib/gcc/arm-none-eabi/11.3.1/../../../arm-none-eabi/lib/thumb/v7e-m/nofp/libc_nano.a(lib_a-makebuf.o)
 .debug_aranges
                0x0000000000000878       0x20 /usr/lib/gcc/arm-none-eabi/11.3.1/../../../arm-none-eabi/lib/thumb/v7e-m/nofp/libc_nano.a(lib_a-mlock.o)
 .debug_aranges
                0x0000000000000898       0x20 /usr/lib/gcc/arm-none-eabi/11.3.1/../../../arm-none-eabi/lib/thumb/v7e-m/nofp/libc_nano.a(lib_a-nano-reallocr.o)
 .debug_aranges
                0x00000000000008b8       0x20 /usr/lib/gcc/arm-none-eabi/11.3.1/../../../arm-none-eabi/lib/thumb/v7e-m/nofp/libc_nano.a(lib_a-nano-vfprintf.o)
 .debug_aranges
                0x00000000000008d8       0x20 /usr/lib/gcc/arm-none-eabi/11.3.1/../../../arm-none-eabi/lib/thumb/v7e-m/nofp/libc_nano.a(lib_a-nano-vfprintf_i.o)
 .debug_aranges
                0x00000000000008f8       0x20 /usr/lib/gcc/arm-none-eabi/11.3.1/../../../arm-none-eabi/lib/thumb/v7e-m/nofp/libc_nano.a(lib_a-stdio.o)
 .debug_aranges
                0x0000000000000918       0x20 /usr/lib/gcc/arm-none-eabi/11.3.1/../../../arm-none-eabi/lib/thumb/v7e-m/nofp/libc_nano.a(lib_a-fvwrite.o)
 .debug_aranges
                0x0000000000000938       0x20 /usr/lib/gcc/arm-none-eabi/11.3.1/../../../arm-none-eabi/lib/thumb/v7e-m/nofp/libc_nano.a(lib_a-memchr.o)
 .debug_aranges
                0x0000000000000958       0x20 /usr/lib/gcc/arm-none-eabi/11.3.1/../../../arm-none-eabi/lib/thumb/v7e-m/nofp/libc_nano.a(lib_a-memmove.o)
 .debug_aranges
                0x0000000000000978       0x20 /usr/lib/gcc/arm-none-eabi/11.3.1/../../../arm-none-eabi/lib/thumb/v7e-m/nofp/libc_nano.a(lib_a-nano-msizer.o)

.debug_rnglists
                0x0000000000000000      0x844
 .debug_rnglists
                0x0000000000000000       0x28 /home/kali/Documents/RIOT/examples/1ProjetIOT/bin/lora-e5-dev/application_blinky/main.o
 .debug_rnglists
                0x0000000000000028       0x22 /home/kali/Documents/RIOT/examples/1ProjetIOT/bin/lora-e5-dev/auto_init/auto_init.o
 .debug_rnglists
                0x000000000000004a       0x19 /home/kali/Documents/RIOT/examples/1ProjetIOT/bin/lora-e5-dev/board/board.o
 .debug_rnglists
                0x0000000000000063       0x2b /home/kali/Documents/RIOT/examples/1ProjetIOT/bin/lora-e5-dev/core_lib/assert.o
 .debug_rnglists
                0x000000000000008e       0x37 /home/kali/Documents/RIOT/examples/1ProjetIOT/bin/lora-e5-dev/core_lib/init.o
 .debug_rnglists
                0x00000000000000c5       0x25 /home/kali/Documents/RIOT/examples/1ProjetIOT/bin/lora-e5-dev/core_lib/panic.o
 .debug_rnglists
                0x00000000000000ea       0xe4 /home/kali/Documents/RIOT/examples/1ProjetIOT/bin/lora-e5-dev/core/sched.o
 .debug_rnglists
                0x00000000000001ce       0xf5 /home/kali/Documents/RIOT/examples/1ProjetIOT/bin/lora-e5-dev/core/thread.o
 .debug_rnglists
                0x00000000000002c3       0x5e /home/kali/Documents/RIOT/examples/1ProjetIOT/bin/lora-e5-dev/cortexm_common/cortexm_init.o
 .debug_rnglists
                0x0000000000000321       0x31 /home/kali/Documents/RIOT/examples/1ProjetIOT/bin/lora-e5-dev/cortexm_common/panic.o
 .debug_rnglists
                0x0000000000000352       0x64 /home/kali/Documents/RIOT/examples/1ProjetIOT/bin/lora-e5-dev/cortexm_common/thread_arch.o
 .debug_rnglists
                0x00000000000003b6       0x5f /home/kali/Documents/RIOT/examples/1ProjetIOT/bin/lora-e5-dev/cortexm_common/vectors_cortexm.o
 .debug_rnglists
                0x0000000000000415       0x2b /home/kali/Documents/RIOT/examples/1ProjetIOT/bin/lora-e5-dev/cpu/cpu_common.o
 .debug_rnglists
                0x0000000000000440       0x2b /home/kali/Documents/RIOT/examples/1ProjetIOT/bin/lora-e5-dev/cpu/cpu_init.o
 .debug_rnglists
                0x000000000000046b       0xbe /home/kali/Documents/RIOT/examples/1ProjetIOT/bin/lora-e5-dev/newlib_syscalls_default/syscalls.o
 .debug_rnglists
                0x0000000000000529       0x19 /home/kali/Documents/RIOT/examples/1ProjetIOT/bin/lora-e5-dev/periph_common/init_leds.o
 .debug_rnglists
                0x0000000000000542       0x19 /home/kali/Documents/RIOT/examples/1ProjetIOT/bin/lora-e5-dev/periph_common/init.o
 .debug_rnglists
                0x000000000000055b       0xe5 /home/kali/Documents/RIOT/examples/1ProjetIOT/bin/lora-e5-dev/periph/gpio_all.o
 .debug_rnglists
                0x0000000000000640       0x37 /home/kali/Documents/RIOT/examples/1ProjetIOT/bin/lora-e5-dev/periph/pm.o
 .debug_rnglists
                0x0000000000000677       0x7d /home/kali/Documents/RIOT/examples/1ProjetIOT/bin/lora-e5-dev/periph/uart.o
 .debug_rnglists
                0x00000000000006f4       0xa9 /home/kali/Documents/RIOT/examples/1ProjetIOT/bin/lora-e5-dev/pm_layered/pm.o
 .debug_rnglists
                0x000000000000079d       0x25 /home/kali/Documents/RIOT/examples/1ProjetIOT/bin/lora-e5-dev/stdio_uart/stdio_uart.o
 .debug_rnglists
                0x00000000000007c2       0x3d /home/kali/Documents/RIOT/examples/1ProjetIOT/bin/lora-e5-dev/stm32_clk/stmclk_common.o
 .debug_rnglists
                0x00000000000007ff       0x32 /home/kali/Documents/RIOT/examples/1ProjetIOT/bin/lora-e5-dev/stm32_clk/stmclk_l4wx.o
 .debug_rnglists
                0x0000000000000831       0x13 /home/kali/Documents/RIOT/examples/1ProjetIOT/bin/lora-e5-dev/stm32_vectors/STM32WLE5xx.o

.debug_macro    0x0000000000000000    0x39b6e
 .debug_macro   0x0000000000000000      0x4ce /home/kali/Documents/RIOT/examples/1ProjetIOT/bin/lora-e5-dev/application_blinky/main.o
 .debug_macro   0x00000000000004ce      0xaf6 /home/kali/Documents/RIOT/examples/1ProjetIOT/bin/lora-e5-dev/application_blinky/main.o
 .debug_macro   0x0000000000000fc4      0x16c /home/kali/Documents/RIOT/examples/1ProjetIOT/bin/lora-e5-dev/application_blinky/main.o
 .debug_macro   0x0000000000001130       0x22 /home/kali/Documents/RIOT/examples/1ProjetIOT/bin/lora-e5-dev/application_blinky/main.o
 .debug_macro   0x0000000000001152       0x46 /home/kali/Documents/RIOT/examples/1ProjetIOT/bin/lora-e5-dev/application_blinky/main.o
 .debug_macro   0x0000000000001198       0x18 /home/kali/Documents/RIOT/examples/1ProjetIOT/bin/lora-e5-dev/application_blinky/main.o
 .debug_macro   0x00000000000011b0       0x5c /home/kali/Documents/RIOT/examples/1ProjetIOT/bin/lora-e5-dev/application_blinky/main.o
 .debug_macro   0x000000000000120c       0x3c /home/kali/Documents/RIOT/examples/1ProjetIOT/bin/lora-e5-dev/application_blinky/main.o
 .debug_macro   0x0000000000001248       0x34 /home/kali/Documents/RIOT/examples/1ProjetIOT/bin/lora-e5-dev/application_blinky/main.o
 .debug_macro   0x000000000000127c       0x16 /home/kali/Documents/RIOT/examples/1ProjetIOT/bin/lora-e5-dev/application_blinky/main.o
 .debug_macro   0x0000000000001292       0x57 /home/kali/Documents/RIOT/examples/1ProjetIOT/bin/lora-e5-dev/application_blinky/main.o
 .debug_macro   0x00000000000012e9       0x97 /home/kali/Documents/RIOT/examples/1ProjetIOT/bin/lora-e5-dev/application_blinky/main.o
 .debug_macro   0x0000000000001380      0x333 /home/kali/Documents/RIOT/examples/1ProjetIOT/bin/lora-e5-dev/application_blinky/main.o
 .debug_macro   0x00000000000016b3       0xfd /home/kali/Documents/RIOT/examples/1ProjetIOT/bin/lora-e5-dev/application_blinky/main.o
 .debug_macro   0x00000000000017b0       0x10 /home/kali/Documents/RIOT/examples/1ProjetIOT/bin/lora-e5-dev/application_blinky/main.o
 .debug_macro   0x00000000000017c0       0x16 /home/kali/Documents/RIOT/examples/1ProjetIOT/bin/lora-e5-dev/application_blinky/main.o
 .debug_macro   0x00000000000017d6       0x43 /home/kali/Documents/RIOT/examples/1ProjetIOT/bin/lora-e5-dev/application_blinky/main.o
 .debug_macro   0x0000000000001819       0x34 /home/kali/Documents/RIOT/examples/1ProjetIOT/bin/lora-e5-dev/application_blinky/main.o
 .debug_macro   0x000000000000184d       0x10 /home/kali/Documents/RIOT/examples/1ProjetIOT/bin/lora-e5-dev/application_blinky/main.o
 .debug_macro   0x000000000000185d       0x52 /home/kali/Documents/RIOT/examples/1ProjetIOT/bin/lora-e5-dev/application_blinky/main.o
 .debug_macro   0x00000000000018af       0x71 /home/kali/Documents/RIOT/examples/1ProjetIOT/bin/lora-e5-dev/application_blinky/main.o
 .debug_macro   0x0000000000001920       0x1c /home/kali/Documents/RIOT/examples/1ProjetIOT/bin/lora-e5-dev/application_blinky/main.o
 .debug_macro   0x000000000000193c      0x12a /home/kali/Documents/RIOT/examples/1ProjetIOT/bin/lora-e5-dev/application_blinky/main.o
 .debug_macro   0x0000000000001a66       0x10 /home/kali/Documents/RIOT/examples/1ProjetIOT/bin/lora-e5-dev/application_blinky/main.o
 .debug_macro   0x0000000000001a76       0x6a /home/kali/Documents/RIOT/examples/1ProjetIOT/bin/lora-e5-dev/application_blinky/main.o
 .debug_macro   0x0000000000001ae0       0xb2 /home/kali/Documents/RIOT/examples/1ProjetIOT/bin/lora-e5-dev/application_blinky/main.o
 .debug_macro   0x0000000000001b92       0x16 /home/kali/Documents/RIOT/examples/1ProjetIOT/bin/lora-e5-dev/application_blinky/main.o
 .debug_macro   0x0000000000001ba8      0x114 /home/kali/Documents/RIOT/examples/1ProjetIOT/bin/lora-e5-dev/application_blinky/main.o
 .debug_macro   0x0000000000001cbc      0x34e /home/kali/Documents/RIOT/examples/1ProjetIOT/bin/lora-e5-dev/application_blinky/main.o
 .debug_macro   0x000000000000200a       0x1c /home/kali/Documents/RIOT/examples/1ProjetIOT/bin/lora-e5-dev/application_blinky/main.o
 .debug_macro   0x0000000000002026       0xe8 /home/kali/Documents/RIOT/examples/1ProjetIOT/bin/lora-e5-dev/application_blinky/main.o
 .debug_macro   0x000000000000210e       0x22 /home/kali/Documents/RIOT/examples/1ProjetIOT/bin/lora-e5-dev/application_blinky/main.o
 .debug_macro   0x0000000000002130       0x49 /home/kali/Documents/RIOT/examples/1ProjetIOT/bin/lora-e5-dev/application_blinky/main.o
 .debug_macro   0x0000000000002179       0x2e /home/kali/Documents/RIOT/examples/1ProjetIOT/bin/lora-e5-dev/application_blinky/main.o
 .debug_macro   0x00000000000021a7       0x34 /home/kali/Documents/RIOT/examples/1ProjetIOT/bin/lora-e5-dev/application_blinky/main.o
 .debug_macro   0x00000000000021db       0x1c /home/kali/Documents/RIOT/examples/1ProjetIOT/bin/lora-e5-dev/application_blinky/main.o
 .debug_macro   0x00000000000021f7       0x22 /home/kali/Documents/RIOT/examples/1ProjetIOT/bin/lora-e5-dev/application_blinky/main.o
 .debug_macro   0x0000000000002219       0xd9 /home/kali/Documents/RIOT/examples/1ProjetIOT/bin/lora-e5-dev/application_blinky/main.o
 .debug_macro   0x00000000000022f2     0x102d /home/kali/Documents/RIOT/examples/1ProjetIOT/bin/lora-e5-dev/application_blinky/main.o
 .debug_macro   0x000000000000331f      0x11f /home/kali/Documents/RIOT/examples/1ProjetIOT/bin/lora-e5-dev/application_blinky/main.o
 .debug_macro   0x000000000000343e     0xcc1c /home/kali/Documents/RIOT/examples/1ProjetIOT/bin/lora-e5-dev/application_blinky/main.o
 .debug_macro   0x000000000001005a       0x6d /home/kali/Documents/RIOT/examples/1ProjetIOT/bin/lora-e5-dev/application_blinky/main.o
 .debug_macro   0x00000000000100c7       0x10 /home/kali/Documents/RIOT/examples/1ProjetIOT/bin/lora-e5-dev/application_blinky/main.o
 .debug_macro   0x00000000000100d7       0x2b /home/kali/Documents/RIOT/examples/1ProjetIOT/bin/lora-e5-dev/application_blinky/main.o
 .debug_macro   0x0000000000010102       0x2e /home/kali/Documents/RIOT/examples/1ProjetIOT/bin/lora-e5-dev/application_blinky/main.o
 .debug_macro   0x0000000000010130       0x10 /home/kali/Documents/RIOT/examples/1ProjetIOT/bin/lora-e5-dev/application_blinky/main.o
 .debug_macro   0x0000000000010140       0x35 /home/kali/Documents/RIOT/examples/1ProjetIOT/bin/lora-e5-dev/application_blinky/main.o
 .debug_macro   0x0000000000010175       0x16 /home/kali/Documents/RIOT/examples/1ProjetIOT/bin/lora-e5-dev/application_blinky/main.o
 .debug_macro   0x000000000001018b       0x10 /home/kali/Documents/RIOT/examples/1ProjetIOT/bin/lora-e5-dev/application_blinky/main.o
 .debug_macro   0x000000000001019b      0x103 /home/kali/Documents/RIOT/examples/1ProjetIOT/bin/lora-e5-dev/application_blinky/main.o
 .debug_macro   0x000000000001029e       0x35 /home/kali/Documents/RIOT/examples/1ProjetIOT/bin/lora-e5-dev/application_blinky/main.o
 .debug_macro   0x00000000000102d3      0x3c6 /home/kali/Documents/RIOT/examples/1ProjetIOT/bin/lora-e5-dev/application_blinky/main.o
 .debug_macro   0x0000000000010699       0x3e /home/kali/Documents/RIOT/examples/1ProjetIOT/bin/lora-e5-dev/application_blinky/main.o
 .debug_macro   0x00000000000106d7       0x42 /home/kali/Documents/RIOT/examples/1ProjetIOT/bin/lora-e5-dev/application_blinky/main.o
 .debug_macro   0x0000000000010719       0x10 /home/kali/Documents/RIOT/examples/1ProjetIOT/bin/lora-e5-dev/application_blinky/main.o
 .debug_macro   0x0000000000010729       0x2e /home/kali/Documents/RIOT/examples/1ProjetIOT/bin/lora-e5-dev/application_blinky/main.o
 .debug_macro   0x0000000000010757       0x16 /home/kali/Documents/RIOT/examples/1ProjetIOT/bin/lora-e5-dev/application_blinky/main.o
 .debug_macro   0x000000000001076d       0x2e /home/kali/Documents/RIOT/examples/1ProjetIOT/bin/lora-e5-dev/application_blinky/main.o
 .debug_macro   0x000000000001079b       0x9e /home/kali/Documents/RIOT/examples/1ProjetIOT/bin/lora-e5-dev/application_blinky/main.o
 .debug_macro   0x0000000000010839       0x10 /home/kali/Documents/RIOT/examples/1ProjetIOT/bin/lora-e5-dev/application_blinky/main.o
 .debug_macro   0x0000000000010849       0x1c /home/kali/Documents/RIOT/examples/1ProjetIOT/bin/lora-e5-dev/application_blinky/main.o
 .debug_macro   0x0000000000010865       0x34 /home/kali/Documents/RIOT/examples/1ProjetIOT/bin/lora-e5-dev/application_blinky/main.o
 .debug_macro   0x0000000000010899       0x31 /home/kali/Documents/RIOT/examples/1ProjetIOT/bin/lora-e5-dev/application_blinky/main.o
 .debug_macro   0x00000000000108ca       0x84 /home/kali/Documents/RIOT/examples/1ProjetIOT/bin/lora-e5-dev/application_blinky/main.o
 .debug_macro   0x000000000001094e       0x1c /home/kali/Documents/RIOT/examples/1ProjetIOT/bin/lora-e5-dev/application_blinky/main.o
 .debug_macro   0x000000000001096a       0x22 /home/kali/Documents/RIOT/examples/1ProjetIOT/bin/lora-e5-dev/application_blinky/main.o
 .debug_macro   0x000000000001098c       0x28 /home/kali/Documents/RIOT/examples/1ProjetIOT/bin/lora-e5-dev/application_blinky/main.o
 .debug_macro   0x00000000000109b4       0x16 /home/kali/Documents/RIOT/examples/1ProjetIOT/bin/lora-e5-dev/application_blinky/main.o
 .debug_macro   0x00000000000109ca       0x10 /home/kali/Documents/RIOT/examples/1ProjetIOT/bin/lora-e5-dev/application_blinky/main.o
 .debug_macro   0x00000000000109da       0x34 /home/kali/Documents/RIOT/examples/1ProjetIOT/bin/lora-e5-dev/application_blinky/main.o
 .debug_macro   0x0000000000010a0e       0x28 /home/kali/Documents/RIOT/examples/1ProjetIOT/bin/lora-e5-dev/application_blinky/main.o
 .debug_macro   0x0000000000010a36       0x16 /home/kali/Documents/RIOT/examples/1ProjetIOT/bin/lora-e5-dev/application_blinky/main.o
 .debug_macro   0x0000000000010a4c       0x70 /home/kali/Documents/RIOT/examples/1ProjetIOT/bin/lora-e5-dev/application_blinky/main.o
 .debug_macro   0x0000000000010abc       0x1c /home/kali/Documents/RIOT/examples/1ProjetIOT/bin/lora-e5-dev/application_blinky/main.o
 .debug_macro   0x0000000000010ad8       0x16 /home/kali/Documents/RIOT/examples/1ProjetIOT/bin/lora-e5-dev/application_blinky/main.o
 .debug_macro   0x0000000000010aee       0x1c /home/kali/Documents/RIOT/examples/1ProjetIOT/bin/lora-e5-dev/application_blinky/main.o
 .debug_macro   0x0000000000010b0a       0x6b /home/kali/Documents/RIOT/examples/1ProjetIOT/bin/lora-e5-dev/application_blinky/main.o
 .debug_macro   0x0000000000010b75       0x28 /home/kali/Documents/RIOT/examples/1ProjetIOT/bin/lora-e5-dev/application_blinky/main.o
 .debug_macro   0x0000000000010b9d       0x16 /home/kali/Documents/RIOT/examples/1ProjetIOT/bin/lora-e5-dev/application_blinky/main.o
 .debug_macro   0x0000000000010bb3       0x3f /home/kali/Documents/RIOT/examples/1ProjetIOT/bin/lora-e5-dev/application_blinky/main.o
 .debug_macro   0x0000000000010bf2       0x5e /home/kali/Documents/RIOT/examples/1ProjetIOT/bin/lora-e5-dev/application_blinky/main.o
 .debug_macro   0x0000000000010c50       0x10 /home/kali/Documents/RIOT/examples/1ProjetIOT/bin/lora-e5-dev/application_blinky/main.o
 .debug_macro   0x0000000000010c60       0x3e /home/kali/Documents/RIOT/examples/1ProjetIOT/bin/lora-e5-dev/application_blinky/main.o
 .debug_macro   0x0000000000010c9e       0x1f /home/kali/Documents/RIOT/examples/1ProjetIOT/bin/lora-e5-dev/application_blinky/main.o
 .debug_macro   0x0000000000010cbd       0x10 /home/kali/Documents/RIOT/examples/1ProjetIOT/bin/lora-e5-dev/application_blinky/main.o
 .debug_macro   0x0000000000010ccd       0x28 /home/kali/Documents/RIOT/examples/1ProjetIOT/bin/lora-e5-dev/application_blinky/main.o
 .debug_macro   0x0000000000010cf5       0x19 /home/kali/Documents/RIOT/examples/1ProjetIOT/bin/lora-e5-dev/application_blinky/main.o
 .debug_macro   0x0000000000010d0e       0x10 /home/kali/Documents/RIOT/examples/1ProjetIOT/bin/lora-e5-dev/application_blinky/main.o
 .debug_macro   0x0000000000010d1e       0x12 /home/kali/Documents/RIOT/examples/1ProjetIOT/bin/lora-e5-dev/application_blinky/main.o
 .debug_macro   0x0000000000010d30      0x319 /home/kali/Documents/RIOT/examples/1ProjetIOT/bin/lora-e5-dev/auto_init/auto_init.o
 .debug_macro   0x0000000000011049      0xaf6 /home/kali/Documents/RIOT/examples/1ProjetIOT/bin/lora-e5-dev/auto_init/auto_init.o
 .debug_macro   0x0000000000011b3f       0x4a /home/kali/Documents/RIOT/examples/1ProjetIOT/bin/lora-e5-dev/auto_init/auto_init.o
 .debug_macro   0x0000000000011b89       0x10 /home/kali/Documents/RIOT/examples/1ProjetIOT/bin/lora-e5-dev/auto_init/auto_init.o
 .debug_macro   0x0000000000011b99    0x11111 /home/kali/Documents/RIOT/examples/1ProjetIOT/bin/lora-e5-dev/auto_init/auto_init.o
 .debug_macro   0x0000000000022caa       0x16 /home/kali/Documents/RIOT/examples/1ProjetIOT/bin/lora-e5-dev/auto_init/auto_init.o
 .debug_macro   0x0000000000022cc0      0x188 /home/kali/Documents/RIOT/examples/1ProjetIOT/bin/lora-e5-dev/auto_init/auto_init.o
 .debug_macro   0x0000000000022e48       0x22 /home/kali/Documents/RIOT/examples/1ProjetIOT/bin/lora-e5-dev/auto_init/auto_init.o
 .debug_macro   0x0000000000022e6a      0x48a /home/kali/Documents/RIOT/examples/1ProjetIOT/bin/lora-e5-dev/board/board.o
 .debug_macro   0x00000000000232f4      0xaf6 /home/kali/Documents/RIOT/examples/1ProjetIOT/bin/lora-e5-dev/board/board.o
 .debug_macro   0x0000000000023dea      0x174 /home/kali/Documents/RIOT/examples/1ProjetIOT/bin/lora-e5-dev/board/board.o
 .debug_macro   0x0000000000023f5e      0x197 /home/kali/Documents/RIOT/examples/1ProjetIOT/bin/lora-e5-dev/board/board.o
 .debug_macro   0x00000000000240f5      0x311 /home/kali/Documents/RIOT/examples/1ProjetIOT/bin/lora-e5-dev/core_lib/assert.o
 .debug_macro   0x0000000000024406      0xaf6 /home/kali/Documents/RIOT/examples/1ProjetIOT/bin/lora-e5-dev/core_lib/assert.o
 .debug_macro   0x0000000000024efc      0x46e /home/kali/Documents/RIOT/examples/1ProjetIOT/bin/lora-e5-dev/core_lib/init.o
 .debug_macro   0x000000000002536a      0xaf6 /home/kali/Documents/RIOT/examples/1ProjetIOT/bin/lora-e5-dev/core_lib/init.o
 .debug_macro   0x0000000000025e60       0x10 /home/kali/Documents/RIOT/examples/1ProjetIOT/bin/lora-e5-dev/core_lib/init.o
 .debug_macro   0x0000000000025e70      0x23b /home/kali/Documents/RIOT/examples/1ProjetIOT/bin/lora-e5-dev/core_lib/init.o
 .debug_macro   0x00000000000260ab       0x2e /home/kali/Documents/RIOT/examples/1ProjetIOT/bin/lora-e5-dev/core_lib/init.o
 .debug_macro   0x00000000000260d9       0x28 /home/kali/Documents/RIOT/examples/1ProjetIOT/bin/lora-e5-dev/core_lib/init.o
 .debug_macro   0x0000000000026101      0x43c /home/kali/Documents/RIOT/examples/1ProjetIOT/bin/lora-e5-dev/core_lib/panic.o
 .debug_macro   0x000000000002653d      0xaf6 /home/kali/Documents/RIOT/examples/1ProjetIOT/bin/lora-e5-dev/core_lib/panic.o
 .debug_macro   0x0000000000027033       0x34 /home/kali/Documents/RIOT/examples/1ProjetIOT/bin/lora-e5-dev/core_lib/panic.o
 .debug_macro   0x0000000000027067      0x304 /home/kali/Documents/RIOT/examples/1ProjetIOT/bin/lora-e5-dev/core/sched.o
 .debug_macro   0x000000000002736b      0xaf6 /home/kali/Documents/RIOT/examples/1ProjetIOT/bin/lora-e5-dev/core/sched.o
 .debug_macro   0x0000000000027e61      0x31c /home/kali/Documents/RIOT/examples/1ProjetIOT/bin/lora-e5-dev/core/thread.o
 .debug_macro   0x000000000002817d      0xaf6 /home/kali/Documents/RIOT/examples/1ProjetIOT/bin/lora-e5-dev/core/thread.o
 .debug_macro   0x0000000000028c73       0x22 /home/kali/Documents/RIOT/examples/1ProjetIOT/bin/lora-e5-dev/core/thread.o
 .debug_macro   0x0000000000028c95       0xdc /home/kali/Documents/RIOT/examples/1ProjetIOT/bin/lora-e5-dev/core/thread.o
 .debug_macro   0x0000000000028d71      0x2f1 /home/kali/Documents/RIOT/examples/1ProjetIOT/bin/lora-e5-dev/cortexm_common/cortexm_init.o
 .debug_macro   0x0000000000029062      0xaf6 /home/kali/Documents/RIOT/examples/1ProjetIOT/bin/lora-e5-dev/cortexm_common/cortexm_init.o
 .debug_macro   0x0000000000029b58      0x2f4 /home/kali/Documents/RIOT/examples/1ProjetIOT/bin/lora-e5-dev/cortexm_common/panic.o
 .debug_macro   0x0000000000029e4c      0xaf6 /home/kali/Documents/RIOT/examples/1ProjetIOT/bin/lora-e5-dev/cortexm_common/panic.o
 .debug_macro   0x000000000002a942      0x307 /home/kali/Documents/RIOT/examples/1ProjetIOT/bin/lora-e5-dev/cortexm_common/thread_arch.o
 .debug_macro   0x000000000002ac49      0xaf6 /home/kali/Documents/RIOT/examples/1ProjetIOT/bin/lora-e5-dev/cortexm_common/thread_arch.o
 .debug_macro   0x000000000002b73f       0x1c /home/kali/Documents/RIOT/examples/1ProjetIOT/bin/lora-e5-dev/cortexm_common/thread_arch.o
 .debug_macro   0x000000000002b75b      0x4cd /home/kali/Documents/RIOT/examples/1ProjetIOT/bin/lora-e5-dev/cortexm_common/vectors_cortexm.o
 .debug_macro   0x000000000002bc28      0xaf6 /home/kali/Documents/RIOT/examples/1ProjetIOT/bin/lora-e5-dev/cortexm_common/vectors_cortexm.o
 .debug_macro   0x000000000002c71e       0x1c /home/kali/Documents/RIOT/examples/1ProjetIOT/bin/lora-e5-dev/cortexm_common/vectors_cortexm.o
 .debug_macro   0x000000000002c73a      0x437 /home/kali/Documents/RIOT/examples/1ProjetIOT/bin/lora-e5-dev/cpu/cpu_common.o
 .debug_macro   0x000000000002cb71      0xaf6 /home/kali/Documents/RIOT/examples/1ProjetIOT/bin/lora-e5-dev/cpu/cpu_common.o
 .debug_macro   0x000000000002d667      0x4f1 /home/kali/Documents/RIOT/examples/1ProjetIOT/bin/lora-e5-dev/cpu/cpu_init.o
 .debug_macro   0x000000000002db58      0xaf6 /home/kali/Documents/RIOT/examples/1ProjetIOT/bin/lora-e5-dev/cpu/cpu_init.o
 .debug_macro   0x000000000002e64e       0x16 /home/kali/Documents/RIOT/examples/1ProjetIOT/bin/lora-e5-dev/cpu/cpu_init.o
 .debug_macro   0x000000000002e664      0x4fe /home/kali/Documents/RIOT/examples/1ProjetIOT/bin/lora-e5-dev/cpu/cpu_init.o
 .debug_macro   0x000000000002eb62       0x25 /home/kali/Documents/RIOT/examples/1ProjetIOT/bin/lora-e5-dev/cpu/cpu_init.o
 .debug_macro   0x000000000002eb87      0x5d0 /home/kali/Documents/RIOT/examples/1ProjetIOT/bin/lora-e5-dev/newlib_syscalls_default/syscalls.o
 .debug_macro   0x000000000002f157      0xaf6 /home/kali/Documents/RIOT/examples/1ProjetIOT/bin/lora-e5-dev/newlib_syscalls_default/syscalls.o
 .debug_macro   0x000000000002fc4d       0x10 /home/kali/Documents/RIOT/examples/1ProjetIOT/bin/lora-e5-dev/newlib_syscalls_default/syscalls.o
 .debug_macro   0x000000000002fc5d       0xcf /home/kali/Documents/RIOT/examples/1ProjetIOT/bin/lora-e5-dev/newlib_syscalls_default/syscalls.o
 .debug_macro   0x000000000002fd2c       0x20 /home/kali/Documents/RIOT/examples/1ProjetIOT/bin/lora-e5-dev/newlib_syscalls_default/syscalls.o
 .debug_macro   0x000000000002fd4c       0xbe /home/kali/Documents/RIOT/examples/1ProjetIOT/bin/lora-e5-dev/newlib_syscalls_default/syscalls.o
 .debug_macro   0x000000000002fe0a       0x10 /home/kali/Documents/RIOT/examples/1ProjetIOT/bin/lora-e5-dev/newlib_syscalls_default/syscalls.o
 .debug_macro   0x000000000002fe1a      0x241 /home/kali/Documents/RIOT/examples/1ProjetIOT/bin/lora-e5-dev/newlib_syscalls_default/syscalls.o
 .debug_macro   0x000000000003005b       0x10 /home/kali/Documents/RIOT/examples/1ProjetIOT/bin/lora-e5-dev/newlib_syscalls_default/syscalls.o
 .debug_macro   0x000000000003006b       0x3c /home/kali/Documents/RIOT/examples/1ProjetIOT/bin/lora-e5-dev/newlib_syscalls_default/syscalls.o
 .debug_macro   0x00000000000300a7       0xff /home/kali/Documents/RIOT/examples/1ProjetIOT/bin/lora-e5-dev/newlib_syscalls_default/syscalls.o
 .debug_macro   0x00000000000301a6       0x16 /home/kali/Documents/RIOT/examples/1ProjetIOT/bin/lora-e5-dev/newlib_syscalls_default/syscalls.o
 .debug_macro   0x00000000000301bc       0x10 /home/kali/Documents/RIOT/examples/1ProjetIOT/bin/lora-e5-dev/newlib_syscalls_default/syscalls.o
 .debug_macro   0x00000000000301cc       0x10 /home/kali/Documents/RIOT/examples/1ProjetIOT/bin/lora-e5-dev/newlib_syscalls_default/syscalls.o
 .debug_macro   0x00000000000301dc       0x2e /home/kali/Documents/RIOT/examples/1ProjetIOT/bin/lora-e5-dev/newlib_syscalls_default/syscalls.o
 .debug_macro   0x000000000003020a      0x102 /home/kali/Documents/RIOT/examples/1ProjetIOT/bin/lora-e5-dev/newlib_syscalls_default/syscalls.o
 .debug_macro   0x000000000003030c      0x490 /home/kali/Documents/RIOT/examples/1ProjetIOT/bin/lora-e5-dev/periph_common/init_leds.o
 .debug_macro   0x000000000003079c      0xaf6 /home/kali/Documents/RIOT/examples/1ProjetIOT/bin/lora-e5-dev/periph_common/init_leds.o
 .debug_macro   0x0000000000031292      0x3f9 /home/kali/Documents/RIOT/examples/1ProjetIOT/bin/lora-e5-dev/periph_common/init.o
 .debug_macro   0x000000000003168b      0xaf6 /home/kali/Documents/RIOT/examples/1ProjetIOT/bin/lora-e5-dev/periph_common/init.o
 .debug_macro   0x0000000000032181      0x453 /home/kali/Documents/RIOT/examples/1ProjetIOT/bin/lora-e5-dev/periph/gpio_all.o
 .debug_macro   0x00000000000325d4      0xaf6 /home/kali/Documents/RIOT/examples/1ProjetIOT/bin/lora-e5-dev/periph/gpio_all.o
 .debug_macro   0x00000000000330ca      0x459 /home/kali/Documents/RIOT/examples/1ProjetIOT/bin/lora-e5-dev/periph/pm.o
 .debug_macro   0x0000000000033523      0xaf6 /home/kali/Documents/RIOT/examples/1ProjetIOT/bin/lora-e5-dev/periph/pm.o